[20:02:29] =======================================================
[20:02:29]   SUBSCRIBER DATA LOGGER - TERHUBUNG
[20:02:29] =======================================================
[20:02:29]   Broker  : localhost:1883
[20:02:29]   Log file: E:\TugasInsis2\mqtt_project\subscribers\..\logs\mqtt_log_20260513_200229.log
[20:02:29]      Alias #1: sensors/temperature
[20:02:29]      Alias #2: sensors/humidity
[20:02:29]      Alias #3: sensors/humidity/config
[20:02:29]      Alias #4: sensors/motion
[20:02:29]      Alias #5: sensors/motion/alert
[20:02:29]      Alias #6: status/publisher-suhu
[20:02:29]      Alias #7: status/publisher-kelembaban
[20:02:29]      Alias #8: status/publisher-gerak
[20:02:29] =======================================================
[20:03:00] -------------------------------------------------------
[20:03:00]      Suhu    : 0
[20:03:00]      Humid   : 1
[20:03:00]      Motion  : 2
[20:03:00]      Alert   : 1
[20:03:00]      Status  : 4
[20:03:00] -------------------------------------------------------
[20:03:16] -------------------------------------------------------
[20:03:16]      Suhu    : 1
[20:03:16]      Humid   : 4
[20:03:16]      Motion  : 6
[20:03:16]      Alert   : 1
[20:03:16]      Status  : 6
[20:03:16] -------------------------------------------------------
[20:03:30] -------------------------------------------------------
[20:03:30]      Suhu    : 5
[20:03:30]      Humid   : 6
[20:03:30]      Motion  : 10
[20:03:30]      Alert   : 1
[20:03:30]      Status  : 6
[20:03:30] -------------------------------------------------------
[20:03:42] -------------------------------------------------------
[20:03:42]      Suhu    : 9
[20:03:42]      Humid   : 9
[20:03:42]      Motion  : 13
[20:03:42]      Alert   : 1
[20:03:42]      Status  : 6
[20:03:42] -------------------------------------------------------
[20:03:55] -------------------------------------------------------
[20:03:55]      Suhu    : 13
[20:03:55]      Humid   : 12
[20:03:55]      Motion  : 16
[20:03:55]      Alert   : 1
[20:03:55]      Status  : 6
[20:03:55] -------------------------------------------------------
[20:04:07] -------------------------------------------------------
[20:04:07]      Suhu    : 18
[20:04:07]      Humid   : 14
[20:04:07]      Motion  : 19
[20:04:07]      Alert   : 1
[20:04:07]      Status  : 6
[20:04:07] -------------------------------------------------------
[20:04:20] -------------------------------------------------------
[20:04:20]      Suhu    : 22
[20:04:20]      Humid   : 17
[20:04:20]      Motion  : 22
[20:04:20]      Alert   : 1
[20:04:20]      Status  : 6
[20:04:20] -------------------------------------------------------
[20:04:34] -------------------------------------------------------
[20:04:34]      Suhu    : 26
[20:04:34]      Humid   : 19
[20:04:34]      Motion  : 26
[20:04:34]      Alert   : 1
[20:04:34]      Status  : 6
[20:04:34] -------------------------------------------------------
[20:04:46] -------------------------------------------------------
[20:04:46]      Suhu    : 30
[20:04:46]      Humid   : 22
[20:04:46]      Motion  : 29
[20:04:46]      Alert   : 1
[20:04:46]      Status  : 6
[20:04:46] -------------------------------------------------------
[20:04:58] -------------------------------------------------------
[20:04:58]      Suhu    : 35
[20:04:58]      Humid   : 24
[20:04:58]      Motion  : 32
[20:04:58]      Alert   : 1
[20:04:58]      Status  : 6
[20:04:58] -------------------------------------------------------
[20:05:10] -------------------------------------------------------
[20:05:10]      Suhu    : 39
[20:05:10]      Humid   : 27
[20:05:10]      Motion  : 35
[20:05:10]      Alert   : 1
[20:05:10]      Status  : 6
[20:05:10] -------------------------------------------------------
[20:05:25] -------------------------------------------------------
[20:05:25]      Suhu    : 43
[20:05:25]      Humid   : 30
[20:05:25]      Motion  : 38
[20:05:25]      Alert   : 1
[20:05:25]      Status  : 6
[20:05:25] -------------------------------------------------------
[20:05:37] -------------------------------------------------------
[20:05:37]      Suhu    : 48
[20:05:37]      Humid   : 32
[20:05:37]      Motion  : 41
[20:05:37]      Alert   : 1
[20:05:37]      Status  : 6
[20:05:37] -------------------------------------------------------
[20:05:50] -------------------------------------------------------
[20:05:50]      Suhu    : 52
[20:05:50]      Humid   : 34
[20:05:50]      Motion  : 45
[20:05:50]      Alert   : 1
[20:05:50]      Status  : 6
[20:05:50] -------------------------------------------------------
[20:06:02] -------------------------------------------------------
[20:06:02]      Suhu    : 56
[20:06:02]      Humid   : 37
[20:06:02]      Motion  : 48
[20:06:02]      Alert   : 1
[20:06:02]      Status  : 6
[20:06:02] -------------------------------------------------------
[20:06:15] -------------------------------------------------------
[20:06:15]      Suhu    : 60
[20:06:15]      Humid   : 40
[20:06:15]      Motion  : 51
[20:06:15]      Alert   : 1
[20:06:15]      Status  : 6
[20:06:15] -------------------------------------------------------
[20:06:26] -------------------------------------------------------
[20:06:26]      Suhu    : 64
[20:06:26]      Humid   : 42
[20:06:26]      Motion  : 53
[20:06:26]      Alert   : 1
[20:06:26]      Status  : 6
[20:06:26] -------------------------------------------------------
