[12:06:35] =======================================================
[12:06:35]   SUBSCRIBER DATA LOGGER - TERHUBUNG
[12:06:35] =======================================================
[12:06:35]   Broker  : localhost:1883
[12:06:35]   Log file: E:\TugasInsis2\mqtt_project\subscribers\..\logs\mqtt_log_20260511_120517.log
[12:06:35] =======================================================
[12:06:40] -------------------------------------------------------
[12:06:40]      Suhu    : 2
[12:06:40]      Humid   : 2
[12:06:40]      Motion  : 1
[12:06:40]      Alert   : 1
[12:06:40]      Status  : 3
[12:06:40] -------------------------------------------------------
[12:06:48] =======================================================
[12:06:48]   SUBSCRIBER DATA LOGGER - TERHUBUNG
[12:06:48] =======================================================
[12:06:48]   Broker  : localhost:1883
[12:06:48]   Log file: E:\TugasInsis2\mqtt_project\subscribers\..\logs\mqtt_log_20260511_120517.log
[12:06:48] =======================================================
[12:06:48] -------------------------------------------------------
[12:06:48]      Suhu    : 4
[12:06:48]      Humid   : 3
[12:06:48]      Motion  : 3
[12:06:48]      Alert   : 1
[12:06:48]      Status  : 7
[12:06:48] -------------------------------------------------------
[12:06:57] -------------------------------------------------------
[12:06:57]      Suhu    : 7
[12:06:57]      Humid   : 5
[12:06:57]      Motion  : 6
[12:06:57]      Alert   : 2
[12:06:57]      Status  : 8
[12:06:57] -------------------------------------------------------
[12:07:10] -------------------------------------------------------
[12:07:10]      Suhu    : 11
[12:07:10]      Humid   : 8
[12:07:10]      Motion  : 9
[12:07:10]      Alert   : 2
[12:07:10]      Status  : 8
[12:07:10] -------------------------------------------------------
[12:07:24] -------------------------------------------------------
[12:07:24]      Suhu    : 16
[12:07:24]      Humid   : 10
[12:07:24]      Motion  : 12
[12:07:24]      Alert   : 2
[12:07:24]      Status  : 8
[12:07:24] -------------------------------------------------------
[12:07:36] -------------------------------------------------------
[12:07:36]      Suhu    : 20
[12:07:36]      Humid   : 13
[12:07:36]      Motion  : 15
[12:07:36]      Alert   : 2
[12:07:36]      Status  : 8
[12:07:36] -------------------------------------------------------
[12:07:48] -------------------------------------------------------
[12:07:48]      Suhu    : 24
[12:07:48]      Humid   : 15
[12:07:48]      Motion  : 18
[12:07:48]      Alert   : 3
[12:07:48]      Status  : 8
[12:07:48] -------------------------------------------------------
[12:08:00] -------------------------------------------------------
[12:08:00]      Suhu    : 28
[12:08:00]      Humid   : 18
[12:08:00]      Motion  : 21
[12:08:00]      Alert   : 3
[12:08:00]      Status  : 8
[12:08:00] -------------------------------------------------------
[12:08:13] -------------------------------------------------------
[12:08:13]      Suhu    : 32
[12:08:13]      Humid   : 20
[12:08:13]      Motion  : 25
[12:08:13]      Alert   : 3
[12:08:13]      Status  : 8
[12:08:13] -------------------------------------------------------
[12:08:25] -------------------------------------------------------
[12:08:25]      Suhu    : 36
[12:08:25]      Humid   : 22
[12:08:25]      Motion  : 28
[12:08:25]      Alert   : 4
[12:08:25]      Status  : 8
[12:08:25] -------------------------------------------------------
[12:08:37] -------------------------------------------------------
[12:08:37]      Suhu    : 40
[12:08:37]      Humid   : 25
[12:08:37]      Motion  : 31
[12:08:37]      Alert   : 4
[12:08:37]      Status  : 8
[12:08:37] -------------------------------------------------------
[12:08:48] -------------------------------------------------------
[12:08:48]      Suhu    : 44
[12:08:48]      Humid   : 27
[12:08:48]      Motion  : 33
[12:08:48]      Alert   : 6
[12:08:48]      Status  : 8
[12:08:48] -------------------------------------------------------
[12:09:00] -------------------------------------------------------
[12:09:00]      Suhu    : 48
[12:09:00]      Humid   : 30
[12:09:00]      Motion  : 36
[12:09:00]      Alert   : 6
[12:09:00]      Status  : 8
[12:09:00] -------------------------------------------------------
[12:09:13] -------------------------------------------------------
[12:09:13]      Suhu    : 52
[12:09:13]      Humid   : 32
[12:09:13]      Motion  : 40
[12:09:13]      Alert   : 6
[12:09:13]      Status  : 8
[12:09:13] -------------------------------------------------------
[12:09:25] -------------------------------------------------------
[12:09:25]      Suhu    : 56
[12:09:25]      Humid   : 35
[12:09:25]      Motion  : 43
[12:09:25]      Alert   : 6
[12:09:25]      Status  : 8
[12:09:25] -------------------------------------------------------
[12:09:39] -------------------------------------------------------
[12:09:39]      Suhu    : 61
[12:09:39]      Humid   : 37
[12:09:39]      Motion  : 46
[12:09:39]      Alert   : 6
[12:09:39]      Status  : 8
[12:09:39] -------------------------------------------------------
[12:09:51] -------------------------------------------------------
[12:09:51]      Suhu    : 65
[12:09:51]      Humid   : 40
[12:09:51]      Motion  : 49
[12:09:51]      Alert   : 6
[12:09:51]      Status  : 8
[12:09:51] -------------------------------------------------------
[12:10:01] -------------------------------------------------------
[12:10:01]      Suhu    : 68
[12:10:01]      Humid   : 42
[12:10:01]      Motion  : 52
[12:10:01]      Alert   : 8
[12:10:01]      Status  : 8
[12:10:01] -------------------------------------------------------
[12:10:15] -------------------------------------------------------
[12:10:15]      Suhu    : 73
[12:10:15]      Humid   : 44
[12:10:15]      Motion  : 55
[12:10:15]      Alert   : 8
[12:10:15]      Status  : 8
[12:10:15] -------------------------------------------------------
[12:10:27] -------------------------------------------------------
[12:10:27]      Suhu    : 77
[12:10:27]      Humid   : 47
[12:10:27]      Motion  : 58
[12:10:27]      Alert   : 8
[12:10:27]      Status  : 8
[12:10:27] -------------------------------------------------------
[12:10:40] -------------------------------------------------------
[12:10:40]      Suhu    : 81
[12:10:40]      Humid   : 50
[12:10:40]      Motion  : 61
[12:10:40]      Alert   : 8
[12:10:40]      Status  : 8
[12:10:40] -------------------------------------------------------
[12:10:53] -------------------------------------------------------
[12:10:53]      Suhu    : 85
[12:10:53]      Humid   : 52
[12:10:53]      Motion  : 65
[12:10:53]      Alert   : 8
[12:10:53]      Status  : 8
[12:10:53] -------------------------------------------------------
[12:11:05] -------------------------------------------------------
[12:11:05]      Suhu    : 89
[12:11:05]      Humid   : 55
[12:11:05]      Motion  : 68
[12:11:05]      Alert   : 8
[12:11:05]      Status  : 8
[12:11:05] -------------------------------------------------------
[12:11:18] -------------------------------------------------------
[12:11:18]      Suhu    : 94
[12:11:18]      Humid   : 57
[12:11:18]      Motion  : 71
[12:11:18]      Alert   : 8
[12:11:18]      Status  : 8
[12:11:18] -------------------------------------------------------
[12:11:30] -------------------------------------------------------
[12:11:30]      Suhu    : 98
[12:11:30]      Humid   : 60
[12:11:30]      Motion  : 74
[12:11:30]      Alert   : 8
[12:11:30]      Status  : 8
[12:11:30] -------------------------------------------------------
[12:11:42] -------------------------------------------------------
[12:11:42]      Suhu    : 102
[12:11:42]      Humid   : 62
[12:11:42]      Motion  : 77
[12:11:42]      Alert   : 9
[12:11:42]      Status  : 8
[12:11:42] -------------------------------------------------------
[12:11:54] -------------------------------------------------------
[12:11:54]      Suhu    : 106
[12:11:54]      Humid   : 64
[12:11:54]      Motion  : 80
[12:11:54]      Alert   : 10
[12:11:54]      Status  : 8
[12:11:54] -------------------------------------------------------
[12:12:05] -------------------------------------------------------
[12:12:05]      Suhu    : 109
[12:12:05]      Humid   : 67
[12:12:05]      Motion  : 83
[12:12:05]      Alert   : 11
[12:12:05]      Status  : 8
[12:12:05] -------------------------------------------------------
[12:12:18] -------------------------------------------------------
[12:12:18]      Suhu    : 114
[12:12:18]      Humid   : 69
[12:12:18]      Motion  : 86
[12:12:18]      Alert   : 11
[12:12:18]      Status  : 8
[12:12:18] -------------------------------------------------------
[12:12:30] -------------------------------------------------------
[12:12:30]      Suhu    : 118
[12:12:30]      Humid   : 72
[12:12:30]      Motion  : 89
[12:12:30]      Alert   : 11
[12:12:30]      Status  : 8
[12:12:30] -------------------------------------------------------
[12:12:45] -------------------------------------------------------
[12:12:45]      Suhu    : 122
[12:12:45]      Humid   : 74
[12:12:45]      Motion  : 93
[12:12:45]      Alert   : 11
[12:12:45]      Status  : 8
[12:12:45] -------------------------------------------------------
[12:12:57] -------------------------------------------------------
[12:12:57]      Suhu    : 126
[12:12:57]      Humid   : 77
[12:12:57]      Motion  : 96
[12:12:57]      Alert   : 11
[12:12:57]      Status  : 8
[12:12:57] -------------------------------------------------------
[12:13:09] -------------------------------------------------------
[12:13:09]      Suhu    : 131
[12:13:09]      Humid   : 79
[12:13:09]      Motion  : 99
[12:13:09]      Alert   : 11
[12:13:09]      Status  : 8
[12:13:09] -------------------------------------------------------
[12:13:20] -------------------------------------------------------
[12:13:20]      Suhu    : 134
[12:13:20]      Humid   : 81
[12:13:20]      Motion  : 101
[12:13:20]      Alert   : 11
[12:13:20]      Status  : 8
[12:13:20] -------------------------------------------------------
