[20:25:19] =======================================================
[20:25:19]   SUBSCRIBER DATA LOGGER - TERHUBUNG
[20:25:19] =======================================================
[20:25:19]   Broker  : localhost:1883
[20:25:19]   Log file: E:\TugasInsis2\mqtt_project\subscribers\..\logs\mqtt_log_20260513_202519.log
[20:25:19]      Alias #1: sensors/temperature
[20:25:19]      Alias #2: sensors/humidity
[20:25:19]      Alias #3: sensors/humidity/config
[20:25:19]      Alias #4: sensors/motion
[20:25:19]      Alias #5: sensors/motion/alert
[20:25:19]      Alias #6: status/publisher-suhu
[20:25:19]      Alias #7: status/publisher-kelembaban
[20:25:19]      Alias #8: status/publisher-gerak
[20:25:19] =======================================================
[20:25:25] -------------------------------------------------------
[20:25:25]      Suhu    : 2
[20:25:25]      Humid   : 1
[20:25:25]      Motion  : 2
[20:25:25]      Alert   : 1
[20:25:25]      Status  : 3
[20:25:25] -------------------------------------------------------
[20:25:38] -------------------------------------------------------
[20:25:38]      Suhu    : 6
[20:25:38]      Humid   : 4
[20:25:38]      Motion  : 5
[20:25:38]      Alert   : 1
[20:25:38]      Status  : 3
[20:25:38] -------------------------------------------------------
[20:25:51] -------------------------------------------------------
[20:25:51]      Suhu    : 11
[20:25:51]      Humid   : 6
[20:25:51]      Motion  : 8
[20:25:51]      Alert   : 1
[20:25:51]      Status  : 3
[20:25:51] -------------------------------------------------------
[20:26:03] -------------------------------------------------------
[20:26:03]      Suhu    : 15
[20:26:03]      Humid   : 9
[20:26:03]      Motion  : 11
[20:26:03]      Alert   : 1
[20:26:03]      Status  : 3
[20:26:03] -------------------------------------------------------
[20:26:17] -------------------------------------------------------
[20:26:17]      Suhu    : 19
[20:26:17]      Humid   : 11
[20:26:17]      Motion  : 15
[20:26:17]      Alert   : 1
[20:26:17]      Status  : 3
[20:26:17] -------------------------------------------------------
[20:26:29] -------------------------------------------------------
[20:26:29]      Suhu    : 23
[20:26:29]      Humid   : 14
[20:26:29]      Motion  : 18
[20:26:29]      Alert   : 1
[20:26:29]      Status  : 3
[20:26:29] -------------------------------------------------------
[20:26:47] =======================================================
[20:26:47]   SUBSCRIBER DATA LOGGER - TERHUBUNG
[20:26:47] =======================================================
[20:26:47]   Broker  : localhost:1883
[20:26:47]   Log file: E:\TugasInsis2\mqtt_project\subscribers\..\logs\mqtt_log_20260513_202519.log
[20:26:47]      Alias #1: sensors/temperature
[20:26:47]      Alias #2: sensors/humidity
[20:26:47]      Alias #3: sensors/humidity/config
[20:26:47]      Alias #4: sensors/motion
[20:26:47]      Alias #5: sensors/motion/alert
[20:26:47]      Alias #6: status/publisher-suhu
[20:26:47]      Alias #7: status/publisher-kelembaban
[20:26:47]      Alias #8: status/publisher-gerak
[20:26:47] =======================================================
[20:26:47] -------------------------------------------------------
[20:26:47]      Suhu    : 26
[20:26:47]      Humid   : 15
[20:26:47]      Motion  : 20
[20:26:47]      Alert   : 1
[20:26:47]      Status  : 6
[20:26:47] -------------------------------------------------------
[20:26:57] -------------------------------------------------------
[20:26:57]      Suhu    : 29
[20:26:57]      Humid   : 17
[20:26:57]      Motion  : 23
[20:26:57]      Alert   : 2
[20:26:57]      Status  : 7
[20:26:57] -------------------------------------------------------
[20:27:09] -------------------------------------------------------
[20:27:09]      Suhu    : 33
[20:27:09]      Humid   : 20
[20:27:09]      Motion  : 26
[20:27:09]      Alert   : 2
[20:27:09]      Status  : 7
[20:27:09] -------------------------------------------------------
[20:27:21] -------------------------------------------------------
[20:27:21]      Suhu    : 38
[20:27:21]      Humid   : 22
[20:27:21]      Motion  : 29
[20:27:21]      Alert   : 2
[20:27:21]      Status  : 7
[20:27:21] -------------------------------------------------------
[20:27:33] -------------------------------------------------------
[20:27:33]      Suhu    : 42
[20:27:33]      Humid   : 25
[20:27:33]      Motion  : 32
[20:27:33]      Alert   : 2
[20:27:33]      Status  : 7
[20:27:33] -------------------------------------------------------
[20:27:48] -------------------------------------------------------
[20:27:48]      Suhu    : 47
[20:27:48]      Humid   : 27
[20:27:48]      Motion  : 35
[20:27:48]      Alert   : 2
[20:27:48]      Status  : 7
[20:27:48] -------------------------------------------------------
[20:28:00] -------------------------------------------------------
[20:28:00]      Suhu    : 51
[20:28:00]      Humid   : 30
[20:28:00]      Motion  : 38
[20:28:00]      Alert   : 2
[20:28:00]      Status  : 7
[20:28:00] -------------------------------------------------------
[20:28:13] -------------------------------------------------------
[20:28:13]      Suhu    : 55
[20:28:13]      Humid   : 32
[20:28:13]      Motion  : 42
[20:28:13]      Alert   : 2
[20:28:13]      Status  : 7
[20:28:13] -------------------------------------------------------
[20:28:25] -------------------------------------------------------
[20:28:25]      Suhu    : 59
[20:28:25]      Humid   : 35
[20:28:25]      Motion  : 45
[20:28:25]      Alert   : 2
[20:28:25]      Status  : 7
[20:28:25] -------------------------------------------------------
[20:28:38] -------------------------------------------------------
[20:28:38]      Suhu    : 63
[20:28:38]      Humid   : 38
[20:28:38]      Motion  : 48
[20:28:38]      Alert   : 2
[20:28:38]      Status  : 7
[20:28:38] -------------------------------------------------------
[20:28:51] -------------------------------------------------------
[20:28:51]      Suhu    : 68
[20:28:51]      Humid   : 40
[20:28:51]      Motion  : 51
[20:28:51]      Alert   : 2
[20:28:51]      Status  : 7
[20:28:51] -------------------------------------------------------
[20:29:03] -------------------------------------------------------
[20:29:03]      Suhu    : 72
[20:29:03]      Humid   : 43
[20:29:03]      Motion  : 54
[20:29:03]      Alert   : 2
[20:29:03]      Status  : 7
[20:29:03] -------------------------------------------------------
[20:29:15] -------------------------------------------------------
[20:29:15]      Suhu    : 76
[20:29:15]      Humid   : 45
[20:29:15]      Motion  : 57
[20:29:15]      Alert   : 3
[20:29:15]      Status  : 7
[20:29:15] -------------------------------------------------------
[20:29:28] -------------------------------------------------------
[20:29:28]      Suhu    : 80
[20:29:28]      Humid   : 48
[20:29:28]      Motion  : 60
[20:29:28]      Alert   : 3
[20:29:28]      Status  : 7
[20:29:28] -------------------------------------------------------
[20:29:41] -------------------------------------------------------
[20:29:41]      Suhu    : 84
[20:29:41]      Humid   : 50
[20:29:41]      Motion  : 64
[20:29:41]      Alert   : 3
[20:29:41]      Status  : 7
[20:29:41] -------------------------------------------------------
[20:29:53] -------------------------------------------------------
[20:29:53]      Suhu    : 88
[20:29:53]      Humid   : 53
[20:29:53]      Motion  : 67
[20:29:53]      Alert   : 3
[20:29:53]      Status  : 7
[20:29:53] -------------------------------------------------------
[20:30:06] -------------------------------------------------------
[20:30:06]      Suhu    : 93
[20:30:06]      Humid   : 55
[20:30:06]      Motion  : 70
[20:30:06]      Alert   : 3
[20:30:06]      Status  : 7
[20:30:06] -------------------------------------------------------
[20:30:18] -------------------------------------------------------
[20:30:18]      Suhu    : 97
[20:30:18]      Humid   : 58
[20:30:18]      Motion  : 73
[20:30:18]      Alert   : 3
[20:30:18]      Status  : 7
[20:30:18] -------------------------------------------------------
[20:30:33] -------------------------------------------------------
[20:30:33]      Suhu    : 101
[20:30:33]      Humid   : 60
[20:30:33]      Motion  : 77
[20:30:33]      Alert   : 3
[20:30:33]      Status  : 7
[20:30:33] -------------------------------------------------------
[20:30:45] -------------------------------------------------------
[20:30:45]      Suhu    : 105
[20:30:45]      Humid   : 63
[20:30:45]      Motion  : 80
[20:30:45]      Alert   : 3
[20:30:45]      Status  : 7
[20:30:45] -------------------------------------------------------
[20:30:57] -------------------------------------------------------
[20:30:57]      Suhu    : 110
[20:30:57]      Humid   : 65
[20:30:57]      Motion  : 83
[20:30:57]      Alert   : 3
[20:30:57]      Status  : 7
[20:30:57] -------------------------------------------------------
[20:31:09] -------------------------------------------------------
[20:31:09]      Suhu    : 114
[20:31:09]      Humid   : 68
[20:31:09]      Motion  : 86
[20:31:09]      Alert   : 3
[20:31:09]      Status  : 7
[20:31:09] -------------------------------------------------------
[20:31:23] -------------------------------------------------------
[20:31:23]      Suhu    : 118
[20:31:23]      Humid   : 71
[20:31:23]      Motion  : 89
[20:31:23]      Alert   : 3
[20:31:23]      Status  : 7
[20:31:23] -------------------------------------------------------
[20:31:36] -------------------------------------------------------
[20:31:36]      Suhu    : 123
[20:31:36]      Humid   : 73
[20:31:36]      Motion  : 92
[20:31:36]      Alert   : 3
[20:31:36]      Status  : 7
[20:31:36] -------------------------------------------------------
[20:31:48] -------------------------------------------------------
[20:31:48]      Suhu    : 127
[20:31:48]      Humid   : 75
[20:31:48]      Motion  : 95
[20:31:48]      Alert   : 4
[20:31:48]      Status  : 7
[20:31:48] -------------------------------------------------------
[20:32:00] -------------------------------------------------------
[20:32:00]      Suhu    : 131
[20:32:00]      Humid   : 78
[20:32:00]      Motion  : 98
[20:32:00]      Alert   : 4
[20:32:00]      Status  : 7
[20:32:00] -------------------------------------------------------
[20:32:13] -------------------------------------------------------
[20:32:13]      Suhu    : 135
[20:32:13]      Humid   : 80
[20:32:13]      Motion  : 102
[20:32:13]      Alert   : 4
[20:32:13]      Status  : 7
[20:32:13] -------------------------------------------------------
[20:32:25] -------------------------------------------------------
[20:32:25]      Suhu    : 139
[20:32:25]      Humid   : 83
[20:32:25]      Motion  : 105
[20:32:25]      Alert   : 4
[20:32:25]      Status  : 7
[20:32:25] -------------------------------------------------------
[20:32:38] -------------------------------------------------------
[20:32:38]      Suhu    : 143
[20:32:38]      Humid   : 86
[20:32:38]      Motion  : 108
[20:32:38]      Alert   : 4
[20:32:38]      Status  : 7
[20:32:38] -------------------------------------------------------
[20:32:51] -------------------------------------------------------
[20:32:51]      Suhu    : 148
[20:32:51]      Humid   : 88
[20:32:51]      Motion  : 111
[20:32:51]      Alert   : 4
[20:32:51]      Status  : 7
[20:32:51] -------------------------------------------------------
[20:33:03] -------------------------------------------------------
[20:33:03]      Suhu    : 152
[20:33:03]      Humid   : 91
[20:33:03]      Motion  : 114
[20:33:03]      Alert   : 4
[20:33:03]      Status  : 7
[20:33:03] -------------------------------------------------------
[20:33:17] -------------------------------------------------------
[20:33:17]      Suhu    : 156
[20:33:17]      Humid   : 93
[20:33:17]      Motion  : 118
[20:33:17]      Alert   : 4
[20:33:17]      Status  : 7
[20:33:17] -------------------------------------------------------
[20:33:29] -------------------------------------------------------
[20:33:29]      Suhu    : 160
[20:33:29]      Humid   : 96
[20:33:29]      Motion  : 121
[20:33:29]      Alert   : 4
[20:33:29]      Status  : 7
[20:33:29] -------------------------------------------------------
[20:33:42] -------------------------------------------------------
[20:33:42]      Suhu    : 165
[20:33:42]      Humid   : 98
[20:33:42]      Motion  : 124
[20:33:42]      Alert   : 4
[20:33:42]      Status  : 7
[20:33:42] -------------------------------------------------------
[20:33:54] -------------------------------------------------------
[20:33:54]      Suhu    : 169
[20:33:54]      Humid   : 101
[20:33:54]      Motion  : 127
[20:33:54]      Alert   : 4
[20:33:54]      Status  : 7
[20:33:54] -------------------------------------------------------
[20:34:08] -------------------------------------------------------
[20:34:08]      Suhu    : 173
[20:34:08]      Humid   : 104
[20:34:08]      Motion  : 130
[20:34:08]      Alert   : 4
[20:34:08]      Status  : 7
[20:34:08] -------------------------------------------------------
[20:34:21] -------------------------------------------------------
[20:34:21]      Suhu    : 177
[20:34:21]      Humid   : 106
[20:34:21]      Motion  : 134
[20:34:21]      Alert   : 4
[20:34:21]      Status  : 7
[20:34:21] -------------------------------------------------------
[20:34:33] -------------------------------------------------------
[20:34:33]      Suhu    : 182
[20:34:33]      Humid   : 108
[20:34:33]      Motion  : 137
[20:34:33]      Alert   : 4
[20:34:33]      Status  : 7
[20:34:33] -------------------------------------------------------
[20:34:45] -------------------------------------------------------
[20:34:45]      Suhu    : 186
[20:34:45]      Humid   : 111
[20:34:45]      Motion  : 140
[20:34:45]      Alert   : 4
[20:34:45]      Status  : 7
[20:34:45] -------------------------------------------------------
[20:34:58] -------------------------------------------------------
[20:34:58]      Suhu    : 190
[20:34:58]      Humid   : 114
[20:34:58]      Motion  : 143
[20:34:58]      Alert   : 4
[20:34:58]      Status  : 7
[20:34:58] -------------------------------------------------------
[20:35:12] -------------------------------------------------------
[20:35:12]      Suhu    : 195
[20:35:12]      Humid   : 116
[20:35:12]      Motion  : 146
[20:35:12]      Alert   : 4
[20:35:12]      Status  : 7
[20:35:12] -------------------------------------------------------
[20:35:24] -------------------------------------------------------
[20:35:24]      Suhu    : 199
[20:35:24]      Humid   : 119
[20:35:24]      Motion  : 149
[20:35:24]      Alert   : 4
[20:35:24]      Status  : 7
[20:35:24] -------------------------------------------------------
[20:35:37] -------------------------------------------------------
[20:35:37]      Suhu    : 203
[20:35:37]      Humid   : 121
[20:35:37]      Motion  : 153
[20:35:37]      Alert   : 4
[20:35:37]      Status  : 7
[20:35:37] -------------------------------------------------------
[20:35:48] -------------------------------------------------------
[20:35:48]      Suhu    : 207
[20:35:48]      Humid   : 124
[20:35:48]      Motion  : 155
[20:35:48]      Alert   : 5
[20:35:48]      Status  : 7
[20:35:48] -------------------------------------------------------
[20:36:00] -------------------------------------------------------
[20:36:00]      Suhu    : 211
[20:36:00]      Humid   : 126
[20:36:00]      Motion  : 158
[20:36:00]      Alert   : 6
[20:36:00]      Status  : 7
[20:36:00] -------------------------------------------------------
[20:36:13] -------------------------------------------------------
[20:36:13]      Suhu    : 215
[20:36:13]      Humid   : 128
[20:36:13]      Motion  : 162
[20:36:13]      Alert   : 6
[20:36:13]      Status  : 7
[20:36:13] -------------------------------------------------------
[20:36:25] -------------------------------------------------------
[20:36:25]      Suhu    : 219
[20:36:25]      Humid   : 131
[20:36:25]      Motion  : 165
[20:36:25]      Alert   : 6
[20:36:25]      Status  : 7
[20:36:25] -------------------------------------------------------
[20:36:38] -------------------------------------------------------
[20:36:38]      Suhu    : 223
[20:36:38]      Humid   : 134
[20:36:38]      Motion  : 168
[20:36:38]      Alert   : 6
[20:36:38]      Status  : 7
[20:36:38] -------------------------------------------------------
[20:36:51] -------------------------------------------------------
[20:36:51]      Suhu    : 228
[20:36:51]      Humid   : 136
[20:36:51]      Motion  : 171
[20:36:51]      Alert   : 6
[20:36:51]      Status  : 7
[20:36:51] -------------------------------------------------------
[20:37:03] -------------------------------------------------------
[20:37:03]      Suhu    : 232
[20:37:03]      Humid   : 139
[20:37:03]      Motion  : 174
[20:37:03]      Alert   : 6
[20:37:03]      Status  : 7
[20:37:03] -------------------------------------------------------
[20:37:17] -------------------------------------------------------
[20:37:17]      Suhu    : 236
[20:37:17]      Humid   : 141
[20:37:17]      Motion  : 178
[20:37:17]      Alert   : 6
[20:37:17]      Status  : 7
[20:37:17] -------------------------------------------------------
[20:37:29] -------------------------------------------------------
[20:37:29]      Suhu    : 240
[20:37:29]      Humid   : 144
[20:37:29]      Motion  : 181
[20:37:29]      Alert   : 6
[20:37:29]      Status  : 7
[20:37:29] -------------------------------------------------------
[20:37:41] -------------------------------------------------------
[20:37:41]      Suhu    : 244
[20:37:41]      Humid   : 146
[20:37:41]      Motion  : 184
[20:37:41]      Alert   : 7
[20:37:41]      Status  : 7
[20:37:41] -------------------------------------------------------
[20:37:53] -------------------------------------------------------
[20:37:53]      Suhu    : 248
[20:37:53]      Humid   : 149
[20:37:53]      Motion  : 187
[20:37:53]      Alert   : 7
[20:37:53]      Status  : 7
[20:37:53] -------------------------------------------------------
[20:38:06] -------------------------------------------------------
[20:38:06]      Suhu    : 253
[20:38:06]      Humid   : 151
[20:38:06]      Motion  : 190
[20:38:06]      Alert   : 7
[20:38:06]      Status  : 7
[20:38:06] -------------------------------------------------------
[20:38:19] -------------------------------------------------------
[20:38:19]      Suhu    : 257
[20:38:19]      Humid   : 154
[20:38:19]      Motion  : 193
[20:38:19]      Alert   : 7
[20:38:19]      Status  : 7
[20:38:19] -------------------------------------------------------
[20:38:33] -------------------------------------------------------
[20:38:33]      Suhu    : 261
[20:38:33]      Humid   : 156
[20:38:33]      Motion  : 197
[20:38:33]      Alert   : 7
[20:38:33]      Status  : 7
[20:38:33] -------------------------------------------------------
[20:38:44] -------------------------------------------------------
[20:38:44]      Suhu    : 265
[20:38:44]      Humid   : 159
[20:38:44]      Motion  : 199
[20:38:44]      Alert   : 8
[20:38:44]      Status  : 7
[20:38:44] -------------------------------------------------------
[20:38:57] -------------------------------------------------------
[20:38:57]      Suhu    : 269
[20:38:57]      Humid   : 161
[20:38:57]      Motion  : 203
[20:38:57]      Alert   : 8
[20:38:57]      Status  : 7
[20:38:57] -------------------------------------------------------
[20:39:09] -------------------------------------------------------
[20:39:09]      Suhu    : 273
[20:39:09]      Humid   : 164
[20:39:09]      Motion  : 206
[20:39:09]      Alert   : 8
[20:39:09]      Status  : 7
[20:39:09] -------------------------------------------------------
[20:39:21] -------------------------------------------------------
[20:39:21]      Suhu    : 277
[20:39:21]      Humid   : 166
[20:39:21]      Motion  : 209
[20:39:21]      Alert   : 9
[20:39:21]      Status  : 7
[20:39:21] -------------------------------------------------------
[20:39:33] -------------------------------------------------------
[20:39:33]      Suhu    : 282
[20:39:33]      Humid   : 168
[20:39:33]      Motion  : 212
[20:39:33]      Alert   : 9
[20:39:33]      Status  : 7
[20:39:33] -------------------------------------------------------
[20:39:45] -------------------------------------------------------
[20:39:45]      Suhu    : 286
[20:39:45]      Humid   : 171
[20:39:45]      Motion  : 215
[20:39:45]      Alert   : 9
[20:39:45]      Status  : 7
[20:39:45] -------------------------------------------------------
[20:39:59] -------------------------------------------------------
[20:39:59]      Suhu    : 290
[20:39:59]      Humid   : 174
[20:39:59]      Motion  : 218
[20:39:59]      Alert   : 9
[20:39:59]      Status  : 7
[20:39:59] -------------------------------------------------------
[20:40:12] -------------------------------------------------------
[20:40:12]      Suhu    : 295
[20:40:12]      Humid   : 176
[20:40:12]      Motion  : 221
[20:40:12]      Alert   : 9
[20:40:12]      Status  : 7
[20:40:12] -------------------------------------------------------
[20:40:24] -------------------------------------------------------
[20:40:24]      Suhu    : 299
[20:40:24]      Humid   : 179
[20:40:24]      Motion  : 224
[20:40:24]      Alert   : 9
[20:40:24]      Status  : 7
[20:40:24] -------------------------------------------------------
[20:40:37] -------------------------------------------------------
[20:40:37]      Suhu    : 303
[20:40:37]      Humid   : 181
[20:40:37]      Motion  : 228
[20:40:37]      Alert   : 9
[20:40:37]      Status  : 7
[20:40:37] -------------------------------------------------------
[20:40:49] -------------------------------------------------------
[20:40:49]      Suhu    : 307
[20:40:49]      Humid   : 184
[20:40:49]      Motion  : 231
[20:40:49]      Alert   : 9
[20:40:49]      Status  : 7
[20:40:49] -------------------------------------------------------
[20:41:03] -------------------------------------------------------
[20:41:03]      Suhu    : 312
[20:41:03]      Humid   : 186
[20:41:03]      Motion  : 234
[20:41:03]      Alert   : 9
[20:41:03]      Status  : 7
[20:41:03] -------------------------------------------------------
[20:41:14] -------------------------------------------------------
[20:41:14]      Suhu    : 315
[20:41:14]      Humid   : 189
[20:41:14]      Motion  : 237
[20:41:14]      Alert   : 10
[20:41:14]      Status  : 7
[20:41:14] -------------------------------------------------------
[20:41:27] -------------------------------------------------------
[20:41:27]      Suhu    : 320
[20:41:27]      Humid   : 191
[20:41:27]      Motion  : 240
[20:41:27]      Alert   : 10
[20:41:27]      Status  : 7
[20:41:27] -------------------------------------------------------
[20:41:39] -------------------------------------------------------
[20:41:39]      Suhu    : 324
[20:41:39]      Humid   : 194
[20:41:39]      Motion  : 243
[20:41:39]      Alert   : 10
[20:41:39]      Status  : 7
[20:41:39] -------------------------------------------------------
[20:41:53] -------------------------------------------------------
[20:41:53]      Suhu    : 328
[20:41:53]      Humid   : 196
[20:41:53]      Motion  : 247
[20:41:53]      Alert   : 10
[20:41:53]      Status  : 7
[20:41:53] -------------------------------------------------------
[20:42:05] -------------------------------------------------------
[20:42:05]      Suhu    : 332
[20:42:05]      Humid   : 199
[20:42:05]      Motion  : 250
[20:42:05]      Alert   : 10
[20:42:05]      Status  : 7
[20:42:05] -------------------------------------------------------
[20:42:18] -------------------------------------------------------
[20:42:18]      Suhu    : 337
[20:42:18]      Humid   : 201
[20:42:18]      Motion  : 253
[20:42:18]      Alert   : 10
[20:42:18]      Status  : 7
[20:42:18] -------------------------------------------------------
[20:42:30] -------------------------------------------------------
[20:42:30]      Suhu    : 341
[20:42:30]      Humid   : 204
[20:42:30]      Motion  : 256
[20:42:30]      Alert   : 10
[20:42:30]      Status  : 7
[20:42:30] -------------------------------------------------------
[20:42:44] -------------------------------------------------------
[20:42:44]      Suhu    : 345
[20:42:44]      Humid   : 207
[20:42:44]      Motion  : 259
[20:42:44]      Alert   : 10
[20:42:44]      Status  : 7
[20:42:44] -------------------------------------------------------
[20:42:57] -------------------------------------------------------
[20:42:57]      Suhu    : 349
[20:42:57]      Humid   : 209
[20:42:57]      Motion  : 263
[20:42:57]      Alert   : 10
[20:42:57]      Status  : 7
[20:42:57] -------------------------------------------------------
[20:43:09] -------------------------------------------------------
[20:43:09]      Suhu    : 353
[20:43:09]      Humid   : 212
[20:43:09]      Motion  : 266
[20:43:09]      Alert   : 10
[20:43:09]      Status  : 7
[20:43:09] -------------------------------------------------------
[20:43:21] -------------------------------------------------------
[20:43:21]      Suhu    : 358
[20:43:21]      Humid   : 214
[20:43:21]      Motion  : 269
[20:43:21]      Alert   : 10
[20:43:21]      Status  : 7
[20:43:21] -------------------------------------------------------
[20:43:34] -------------------------------------------------------
[20:43:34]      Suhu    : 362
[20:43:34]      Humid   : 217
[20:43:34]      Motion  : 272
[20:43:34]      Alert   : 10
[20:43:34]      Status  : 7
[20:43:34] -------------------------------------------------------
[20:43:48] -------------------------------------------------------
[20:43:48]      Suhu    : 367
[20:43:48]      Humid   : 219
[20:43:48]      Motion  : 275
[20:43:48]      Alert   : 10
[20:43:48]      Status  : 7
[20:43:48] -------------------------------------------------------
[20:44:00] -------------------------------------------------------
[20:44:00]      Suhu    : 371
[20:44:00]      Humid   : 222
[20:44:00]      Motion  : 278
[20:44:00]      Alert   : 10
[20:44:00]      Status  : 7
[20:44:00] -------------------------------------------------------
[20:44:12] -------------------------------------------------------
[20:44:12]      Suhu    : 375
[20:44:12]      Humid   : 224
[20:44:12]      Motion  : 281
[20:44:12]      Alert   : 11
[20:44:12]      Status  : 7
[20:44:12] -------------------------------------------------------
[20:44:24] -------------------------------------------------------
[20:44:24]      Suhu    : 379
[20:44:24]      Humid   : 227
[20:44:24]      Motion  : 284
[20:44:24]      Alert   : 11
[20:44:24]      Status  : 7
[20:44:24] -------------------------------------------------------
[20:44:37] -------------------------------------------------------
[20:44:37]      Suhu    : 383
[20:44:37]      Humid   : 229
[20:44:37]      Motion  : 288
[20:44:37]      Alert   : 11
[20:44:37]      Status  : 7
[20:44:37] -------------------------------------------------------
[20:44:49] -------------------------------------------------------
[20:44:49]      Suhu    : 387
[20:44:49]      Humid   : 232
[20:44:49]      Motion  : 291
[20:44:49]      Alert   : 11
[20:44:49]      Status  : 7
[20:44:49] -------------------------------------------------------
[20:45:03] -------------------------------------------------------
[20:45:03]      Suhu    : 392
[20:45:03]      Humid   : 234
[20:45:03]      Motion  : 294
[20:45:03]      Alert   : 11
[20:45:03]      Status  : 7
[20:45:03] -------------------------------------------------------
[20:45:15] -------------------------------------------------------
[20:45:15]      Suhu    : 396
[20:45:15]      Humid   : 236
[20:45:15]      Motion  : 297
[20:45:15]      Alert   : 11
[20:45:15]      Status  : 8
[20:45:15] -------------------------------------------------------
[20:45:30] -------------------------------------------------------
[20:45:30]      Suhu    : 401
[20:45:30]      Humid   : 236
[20:45:30]      Motion  : 301
[20:45:30]      Alert   : 12
[20:45:30]      Status  : 8
[20:45:30] -------------------------------------------------------
[20:45:48] -------------------------------------------------------
[20:45:48]      Suhu    : 407
[20:45:48]      Humid   : 236
[20:45:48]      Motion  : 305
[20:45:48]      Alert   : 12
[20:45:48]      Status  : 8
[20:45:48] -------------------------------------------------------
[20:46:05] -------------------------------------------------------
[20:46:05]      Suhu    : 412
[20:46:05]      Humid   : 236
[20:46:05]      Motion  : 310
[20:46:05]      Alert   : 12
[20:46:05]      Status  : 8
[20:46:05] -------------------------------------------------------
[20:46:21] -------------------------------------------------------
[20:46:21]      Suhu    : 418
[20:46:21]      Humid   : 236
[20:46:21]      Motion  : 314
[20:46:21]      Alert   : 12
[20:46:21]      Status  : 8
[20:46:21] -------------------------------------------------------
[20:46:39] -------------------------------------------------------
[20:46:39]      Suhu    : 424
[20:46:39]      Humid   : 236
[20:46:39]      Motion  : 318
[20:46:39]      Alert   : 12
[20:46:39]      Status  : 8
[20:46:39] -------------------------------------------------------
[20:46:57] -------------------------------------------------------
[20:46:57]      Suhu    : 429
[20:46:57]      Humid   : 236
[20:46:57]      Motion  : 323
[20:46:57]      Alert   : 12
[20:46:57]      Status  : 8
[20:46:57] -------------------------------------------------------
[20:47:13] -------------------------------------------------------
[20:47:13]      Suhu    : 435
[20:47:13]      Humid   : 236
[20:47:13]      Motion  : 327
[20:47:13]      Alert   : 12
[20:47:13]      Status  : 8
[20:47:13] -------------------------------------------------------
[20:47:30] -------------------------------------------------------
[20:47:30]      Suhu    : 441
[20:47:30]      Humid   : 236
[20:47:30]      Motion  : 331
[20:47:30]      Alert   : 12
[20:47:30]      Status  : 8
[20:47:30] -------------------------------------------------------
[20:47:48] -------------------------------------------------------
[20:47:48]      Suhu    : 447
[20:47:48]      Humid   : 236
[20:47:48]      Motion  : 335
[20:47:48]      Alert   : 12
[20:47:48]      Status  : 8
[20:47:48] -------------------------------------------------------
[20:48:05] -------------------------------------------------------
[20:48:05]      Suhu    : 452
[20:48:05]      Humid   : 236
[20:48:05]      Motion  : 340
[20:48:05]      Alert   : 12
[20:48:05]      Status  : 8
[20:48:05] -------------------------------------------------------
[20:48:21] -------------------------------------------------------
[20:48:21]      Suhu    : 458
[20:48:21]      Humid   : 236
[20:48:21]      Motion  : 344
[20:48:21]      Alert   : 12
[20:48:21]      Status  : 8
[20:48:21] -------------------------------------------------------
[20:48:37] -------------------------------------------------------
[20:48:37]      Suhu    : 463
[20:48:37]      Humid   : 236
[20:48:37]      Motion  : 348
[20:48:37]      Alert   : 13
[20:48:37]      Status  : 8
[20:48:37] -------------------------------------------------------
[20:48:53] -------------------------------------------------------
[20:48:53]      Suhu    : 468
[20:48:53]      Humid   : 236
[20:48:53]      Motion  : 352
[20:48:53]      Alert   : 14
[20:48:53]      Status  : 8
[20:48:53] -------------------------------------------------------
[20:49:09] -------------------------------------------------------
[20:49:09]      Suhu    : 474
[20:49:09]      Humid   : 236
[20:49:09]      Motion  : 356
[20:49:09]      Alert   : 14
[20:49:09]      Status  : 8
[20:49:09] -------------------------------------------------------
[20:49:27] -------------------------------------------------------
[20:49:27]      Suhu    : 480
[20:49:27]      Humid   : 236
[20:49:27]      Motion  : 360
[20:49:27]      Alert   : 14
[20:49:27]      Status  : 8
[20:49:27] -------------------------------------------------------
[20:49:45] -------------------------------------------------------
[20:49:45]      Suhu    : 485
[20:49:45]      Humid   : 236
[20:49:45]      Motion  : 365
[20:49:45]      Alert   : 14
[20:49:45]      Status  : 8
[20:49:45] -------------------------------------------------------
[20:50:01] -------------------------------------------------------
[20:50:01]      Suhu    : 491
[20:50:01]      Humid   : 236
[20:50:01]      Motion  : 369
[20:50:01]      Alert   : 14
[20:50:01]      Status  : 8
[20:50:01] -------------------------------------------------------
[20:50:18] -------------------------------------------------------
[20:50:18]      Suhu    : 497
[20:50:18]      Humid   : 236
[20:50:18]      Motion  : 373
[20:50:18]      Alert   : 14
[20:50:18]      Status  : 8
[20:50:18] -------------------------------------------------------
[20:50:36] -------------------------------------------------------
[20:50:36]      Suhu    : 503
[20:50:36]      Humid   : 236
[20:50:36]      Motion  : 377
[20:50:36]      Alert   : 14
[20:50:36]      Status  : 8
[20:50:36] -------------------------------------------------------
[20:50:53] -------------------------------------------------------
[20:50:53]      Suhu    : 508
[20:50:53]      Humid   : 236
[20:50:53]      Motion  : 382
[20:50:53]      Alert   : 14
[20:50:53]      Status  : 8
[20:50:53] -------------------------------------------------------
[20:51:09] -------------------------------------------------------
[20:51:09]      Suhu    : 514
[20:51:09]      Humid   : 236
[20:51:09]      Motion  : 386
[20:51:09]      Alert   : 14
[20:51:09]      Status  : 8
[20:51:09] -------------------------------------------------------
[20:51:27] -------------------------------------------------------
[20:51:27]      Suhu    : 520
[20:51:27]      Humid   : 236
[20:51:27]      Motion  : 390
[20:51:27]      Alert   : 14
[20:51:27]      Status  : 8
[20:51:27] -------------------------------------------------------
[20:51:45] -------------------------------------------------------
[20:51:45]      Suhu    : 525
[20:51:45]      Humid   : 236
[20:51:45]      Motion  : 395
[20:51:45]      Alert   : 14
[20:51:45]      Status  : 8
[20:51:45] -------------------------------------------------------
[20:52:01] -------------------------------------------------------
[20:52:01]      Suhu    : 531
[20:52:01]      Humid   : 236
[20:52:01]      Motion  : 399
[20:52:01]      Alert   : 14
[20:52:01]      Status  : 8
[20:52:01] -------------------------------------------------------
[20:52:18] -------------------------------------------------------
[20:52:18]      Suhu    : 537
[20:52:18]      Humid   : 236
[20:52:18]      Motion  : 403
[20:52:18]      Alert   : 14
[20:52:18]      Status  : 8
[20:52:18] -------------------------------------------------------
[20:52:36] -------------------------------------------------------
[20:52:36]      Suhu    : 543
[20:52:36]      Humid   : 236
[20:52:36]      Motion  : 407
[20:52:36]      Alert   : 14
[20:52:36]      Status  : 8
[20:52:36] -------------------------------------------------------
[20:52:53] -------------------------------------------------------
[20:52:53]      Suhu    : 548
[20:52:53]      Humid   : 236
[20:52:53]      Motion  : 412
[20:52:53]      Alert   : 14
[20:52:53]      Status  : 8
[20:52:53] -------------------------------------------------------
[20:53:09] -------------------------------------------------------
[20:53:09]      Suhu    : 554
[20:53:09]      Humid   : 236
[20:53:09]      Motion  : 416
[20:53:09]      Alert   : 14
[20:53:09]      Status  : 8
[20:53:09] -------------------------------------------------------
[20:53:27] -------------------------------------------------------
[20:53:27]      Suhu    : 560
[20:53:27]      Humid   : 236
[20:53:27]      Motion  : 420
[20:53:27]      Alert   : 14
[20:53:27]      Status  : 8
[20:53:27] -------------------------------------------------------
[20:53:45] -------------------------------------------------------
[20:53:45]      Suhu    : 565
[20:53:45]      Humid   : 236
[20:53:45]      Motion  : 425
[20:53:45]      Alert   : 14
[20:53:45]      Status  : 8
[20:53:45] -------------------------------------------------------
[20:54:01] -------------------------------------------------------
[20:54:01]      Suhu    : 571
[20:54:01]      Humid   : 236
[20:54:01]      Motion  : 429
[20:54:01]      Alert   : 14
[20:54:01]      Status  : 8
[20:54:01] -------------------------------------------------------
[20:54:17] -------------------------------------------------------
[20:54:17]      Suhu    : 576
[20:54:17]      Humid   : 236
[20:54:17]      Motion  : 433
[20:54:17]      Alert   : 15
[20:54:17]      Status  : 8
[20:54:17] -------------------------------------------------------
[20:54:33] -------------------------------------------------------
[20:54:33]      Suhu    : 581
[20:54:33]      Humid   : 236
[20:54:33]      Motion  : 437
[20:54:33]      Alert   : 16
[20:54:33]      Status  : 8
[20:54:33] -------------------------------------------------------
[20:54:48] -------------------------------------------------------
[20:54:48]      Suhu    : 587
[20:54:48]      Humid   : 236
[20:54:48]      Motion  : 440
[20:54:48]      Alert   : 17
[20:54:48]      Status  : 8
[20:54:48] -------------------------------------------------------
[20:55:05] -------------------------------------------------------
[20:55:05]      Suhu    : 592
[20:55:05]      Humid   : 236
[20:55:05]      Motion  : 445
[20:55:05]      Alert   : 17
[20:55:05]      Status  : 8
[20:55:05] -------------------------------------------------------
[20:55:21] -------------------------------------------------------
[20:55:21]      Suhu    : 597
[20:55:21]      Humid   : 236
[20:55:21]      Motion  : 449
[20:55:21]      Alert   : 18
[20:55:21]      Status  : 8
[20:55:21] -------------------------------------------------------
[20:55:37] -------------------------------------------------------
[20:55:37]      Suhu    : 603
[20:55:37]      Humid   : 236
[20:55:37]      Motion  : 453
[20:55:37]      Alert   : 18
[20:55:37]      Status  : 8
[20:55:37] -------------------------------------------------------
[20:55:54] -------------------------------------------------------
[20:55:54]      Suhu    : 609
[20:55:54]      Humid   : 236
[20:55:54]      Motion  : 457
[20:55:54]      Alert   : 18
[20:55:54]      Status  : 8
[20:55:54] -------------------------------------------------------
[20:56:12] -------------------------------------------------------
[20:56:12]      Suhu    : 615
[20:56:12]      Humid   : 236
[20:56:12]      Motion  : 461
[20:56:12]      Alert   : 18
[20:56:12]      Status  : 8
[20:56:12] -------------------------------------------------------
[20:56:29] -------------------------------------------------------
[20:56:29]      Suhu    : 620
[20:56:29]      Humid   : 236
[20:56:29]      Motion  : 466
[20:56:29]      Alert   : 18
[20:56:29]      Status  : 8
[20:56:29] -------------------------------------------------------
[20:56:42] -------------------------------------------------------
[20:56:42]      Suhu    : 625
[20:56:42]      Humid   : 236
[20:56:42]      Motion  : 469
[20:56:42]      Alert   : 20
[20:56:42]      Status  : 8
[20:56:42] -------------------------------------------------------
[20:57:00] -------------------------------------------------------
[20:57:00]      Suhu    : 631
[20:57:00]      Humid   : 236
[20:57:00]      Motion  : 473
[20:57:00]      Alert   : 20
[20:57:00]      Status  : 8
[20:57:00] -------------------------------------------------------
[20:57:17] -------------------------------------------------------
[20:57:17]      Suhu    : 636
[20:57:17]      Humid   : 236
[20:57:17]      Motion  : 478
[20:57:17]      Alert   : 20
[20:57:17]      Status  : 8
[20:57:17] -------------------------------------------------------
[20:57:33] -------------------------------------------------------
[20:57:33]      Suhu    : 642
[20:57:33]      Humid   : 236
[20:57:33]      Motion  : 482
[20:57:33]      Alert   : 20
[20:57:33]      Status  : 8
[20:57:33] -------------------------------------------------------
[20:57:51] -------------------------------------------------------
[20:57:52]      Suhu    : 648
[20:57:52]      Humid   : 236
[20:57:52]      Motion  : 486
[20:57:52]      Alert   : 20
[20:57:52]      Status  : 8
[20:57:52] -------------------------------------------------------
[20:58:09] -------------------------------------------------------
[20:58:09]      Suhu    : 653
[20:58:09]      Humid   : 236
[20:58:09]      Motion  : 491
[20:58:09]      Alert   : 20
[20:58:09]      Status  : 8
[20:58:09] -------------------------------------------------------
[20:58:25] -------------------------------------------------------
[20:58:25]      Suhu    : 659
[20:58:25]      Humid   : 236
[20:58:25]      Motion  : 495
[20:58:25]      Alert   : 20
[20:58:25]      Status  : 8
[20:58:25] -------------------------------------------------------
[20:58:41] -------------------------------------------------------
[20:58:41]      Suhu    : 664
[20:58:41]      Humid   : 236
[20:58:41]      Motion  : 499
[20:58:41]      Alert   : 21
[20:58:41]      Status  : 8
[20:58:41] -------------------------------------------------------
[20:58:58] -------------------------------------------------------
[20:58:58]      Suhu    : 670
[20:58:58]      Humid   : 236
[20:58:58]      Motion  : 503
[20:58:58]      Alert   : 21
[20:58:58]      Status  : 8
[20:58:58] -------------------------------------------------------
[20:59:16] -------------------------------------------------------
[20:59:16]      Suhu    : 676
[20:59:16]      Humid   : 236
[20:59:16]      Motion  : 507
[20:59:16]      Alert   : 21
[20:59:16]      Status  : 8
[20:59:16] -------------------------------------------------------
[20:59:33] -------------------------------------------------------
[20:59:33]      Suhu    : 681
[20:59:33]      Humid   : 236
[20:59:33]      Motion  : 512
[20:59:33]      Alert   : 21
[20:59:33]      Status  : 8
[20:59:33] -------------------------------------------------------
[20:59:49] -------------------------------------------------------
[20:59:49]      Suhu    : 687
[20:59:49]      Humid   : 236
[20:59:49]      Motion  : 516
[20:59:49]      Alert   : 21
[20:59:49]      Status  : 8
[20:59:49] -------------------------------------------------------
[21:00:07] -------------------------------------------------------
[21:00:07]      Suhu    : 693
[21:00:07]      Humid   : 236
[21:00:07]      Motion  : 520
[21:00:07]      Alert   : 21
[21:00:07]      Status  : 8
[21:00:07] -------------------------------------------------------
[21:00:25] -------------------------------------------------------
[21:00:25]      Suhu    : 699
[21:00:25]      Humid   : 236
[21:00:25]      Motion  : 524
[21:00:25]      Alert   : 21
[21:00:25]      Status  : 8
[21:00:25] -------------------------------------------------------
[21:00:41] -------------------------------------------------------
[21:00:41]      Suhu    : 704
[21:00:41]      Humid   : 236
[21:00:41]      Motion  : 529
[21:00:41]      Alert   : 21
[21:00:41]      Status  : 8
[21:00:41] -------------------------------------------------------
[21:00:58] -------------------------------------------------------
[21:00:58]      Suhu    : 710
[21:00:58]      Humid   : 236
[21:00:58]      Motion  : 533
[21:00:58]      Alert   : 21
[21:00:58]      Status  : 8
[21:00:58] -------------------------------------------------------
[21:01:16] -------------------------------------------------------
[21:01:16]      Suhu    : 716
[21:01:16]      Humid   : 236
[21:01:16]      Motion  : 537
[21:01:16]      Alert   : 21
[21:01:16]      Status  : 8
[21:01:16] -------------------------------------------------------
[21:01:33] -------------------------------------------------------
[21:01:33]      Suhu    : 721
[21:01:33]      Humid   : 236
[21:01:33]      Motion  : 542
[21:01:33]      Alert   : 21
[21:01:33]      Status  : 8
[21:01:33] -------------------------------------------------------
[21:01:49] -------------------------------------------------------
[21:01:49]      Suhu    : 727
[21:01:49]      Humid   : 236
[21:01:49]      Motion  : 546
[21:01:49]      Alert   : 21
[21:01:49]      Status  : 8
[21:01:49] -------------------------------------------------------
[21:02:07] -------------------------------------------------------
[21:02:07]      Suhu    : 733
[21:02:07]      Humid   : 236
[21:02:07]      Motion  : 550
[21:02:07]      Alert   : 21
[21:02:07]      Status  : 8
[21:02:07] -------------------------------------------------------
[21:02:25] -------------------------------------------------------
[21:02:25]      Suhu    : 739
[21:02:25]      Humid   : 236
[21:02:25]      Motion  : 554
[21:02:25]      Alert   : 21
[21:02:25]      Status  : 8
[21:02:25] -------------------------------------------------------
[21:02:41] -------------------------------------------------------
[21:02:41]      Suhu    : 744
[21:02:41]      Humid   : 236
[21:02:41]      Motion  : 559
[21:02:41]      Alert   : 21
[21:02:41]      Status  : 8
[21:02:41] -------------------------------------------------------
[21:02:57] -------------------------------------------------------
[21:02:57]      Suhu    : 749
[21:02:57]      Humid   : 236
[21:02:57]      Motion  : 563
[21:02:57]      Alert   : 22
[21:02:57]      Status  : 8
[21:02:57] -------------------------------------------------------
[21:03:13] -------------------------------------------------------
[21:03:13]      Suhu    : 755
[21:03:13]      Humid   : 236
[21:03:13]      Motion  : 567
[21:03:13]      Alert   : 22
[21:03:13]      Status  : 8
[21:03:13] -------------------------------------------------------
[21:03:29] -------------------------------------------------------
[21:03:29]      Suhu    : 760
[21:03:29]      Humid   : 236
[21:03:29]      Motion  : 571
[21:03:29]      Alert   : 23
[21:03:29]      Status  : 8
[21:03:29] -------------------------------------------------------
[21:03:46] -------------------------------------------------------
[21:03:46]      Suhu    : 766
[21:03:46]      Humid   : 236
[21:03:46]      Motion  : 575
[21:03:46]      Alert   : 23
[21:03:46]      Status  : 8
[21:03:46] -------------------------------------------------------
[21:04:04] -------------------------------------------------------
[21:04:04]      Suhu    : 772
[21:04:04]      Humid   : 236
[21:04:04]      Motion  : 579
[21:04:04]      Alert   : 23
[21:04:04]      Status  : 8
[21:04:04] -------------------------------------------------------
[21:04:19] -------------------------------------------------------
[21:04:19]      Suhu    : 777
[21:04:19]      Humid   : 236
[21:04:19]      Motion  : 583
[21:04:19]      Alert   : 24
[21:04:19]      Status  : 8
[21:04:19] -------------------------------------------------------
[21:04:37] -------------------------------------------------------
[21:04:37]      Suhu    : 783
[21:04:37]      Humid   : 236
[21:04:37]      Motion  : 587
[21:04:37]      Alert   : 24
[21:04:37]      Status  : 8
[21:04:37] -------------------------------------------------------
[21:04:53] -------------------------------------------------------
[21:04:53]      Suhu    : 788
[21:04:53]      Humid   : 236
[21:04:53]      Motion  : 592
[21:04:53]      Alert   : 24
[21:04:53]      Status  : 8
[21:04:53] -------------------------------------------------------
[21:05:09] -------------------------------------------------------
[21:05:09]      Suhu    : 793
[21:05:09]      Humid   : 236
[21:05:09]      Motion  : 596
[21:05:09]      Alert   : 25
[21:05:09]      Status  : 8
[21:05:09] -------------------------------------------------------
[21:05:25] -------------------------------------------------------
[21:05:25]      Suhu    : 799
[21:05:25]      Humid   : 236
[21:05:25]      Motion  : 599
[21:05:25]      Alert   : 26
[21:05:25]      Status  : 8
[21:05:25] -------------------------------------------------------
[21:05:41] -------------------------------------------------------
[21:05:41]      Suhu    : 804
[21:05:41]      Humid   : 236
[21:05:41]      Motion  : 604
[21:05:41]      Alert   : 26
[21:05:41]      Status  : 8
[21:05:41] -------------------------------------------------------
[21:05:58] -------------------------------------------------------
[21:05:58]      Suhu    : 810
[21:05:58]      Humid   : 236
[21:05:58]      Motion  : 608
[21:05:58]      Alert   : 26
[21:05:58]      Status  : 8
[21:05:58] -------------------------------------------------------
[21:06:16] -------------------------------------------------------
[21:06:16]      Suhu    : 816
[21:06:16]      Humid   : 236
[21:06:16]      Motion  : 612
[21:06:16]      Alert   : 26
[21:06:16]      Status  : 8
[21:06:16] -------------------------------------------------------
[21:06:33] -------------------------------------------------------
[21:06:33]      Suhu    : 821
[21:06:33]      Humid   : 236
[21:06:33]      Motion  : 617
[21:06:33]      Alert   : 26
[21:06:33]      Status  : 8
[21:06:33] -------------------------------------------------------
[21:06:49] -------------------------------------------------------
[21:06:49]      Suhu    : 827
[21:06:49]      Humid   : 236
[21:06:49]      Motion  : 621
[21:06:49]      Alert   : 26
[21:06:49]      Status  : 8
[21:06:49] -------------------------------------------------------
[21:07:07] -------------------------------------------------------
[21:07:07]      Suhu    : 833
[21:07:07]      Humid   : 236
[21:07:07]      Motion  : 625
[21:07:07]      Alert   : 26
[21:07:07]      Status  : 8
[21:07:07] -------------------------------------------------------
[21:07:25] -------------------------------------------------------
[21:07:25]      Suhu    : 839
[21:07:25]      Humid   : 236
[21:07:25]      Motion  : 629
[21:07:25]      Alert   : 26
[21:07:25]      Status  : 8
[21:07:25] -------------------------------------------------------
[21:07:41] -------------------------------------------------------
[21:07:41]      Suhu    : 844
[21:07:41]      Humid   : 236
[21:07:41]      Motion  : 634
[21:07:41]      Alert   : 26
[21:07:41]      Status  : 8
[21:07:41] -------------------------------------------------------
[21:07:55] -------------------------------------------------------
[21:07:55]      Suhu    : 848
[21:07:55]      Humid   : 236
[21:07:55]      Motion  : 636
[21:07:55]      Alert   : 26
[21:07:55]      Status  : 9
[21:07:55] -------------------------------------------------------
