[10:46:48] =======================================================
[10:46:48]   SUBSCRIBER DATA LOGGER - TERHUBUNG
[10:46:48] =======================================================
[10:46:48]   Broker  : localhost:1883
[10:46:48]   Log file: E:\TugasInsis2\mqtt_project\subscribers\..\logs\mqtt_log_20260511_104648.log
[10:46:48] =======================================================
[10:48:02] -------------------------------------------------------
[10:48:03]      Suhu    : 6
[10:48:03]      Humid   : 1
[10:48:03]      Motion  : 0
[10:48:03]      Alert   : 0
[10:48:03]      Status  : 2
[10:48:03] -------------------------------------------------------
[10:48:18] -------------------------------------------------------
[10:48:18]      Suhu    : 11
[10:48:18]      Humid   : 4
[10:48:18]      Motion  : 1
[10:48:18]      Alert   : 0
[10:48:18]      Status  : 3
[10:48:18] -------------------------------------------------------
[10:48:31] -------------------------------------------------------
[10:48:31]      Suhu    : 15
[10:48:31]      Humid   : 7
[10:48:31]      Motion  : 4
[10:48:31]      Alert   : 0
[10:48:31]      Status  : 3
[10:48:31] -------------------------------------------------------
[10:48:44] -------------------------------------------------------
[10:48:44]      Suhu    : 19
[10:48:44]      Humid   : 9
[10:48:44]      Motion  : 8
[10:48:44]      Alert   : 0
[10:48:44]      Status  : 3
[10:48:44] -------------------------------------------------------
[10:48:56] -------------------------------------------------------
[10:48:56]      Suhu    : 23
[10:48:56]      Humid   : 11
[10:48:56]      Motion  : 11
[10:48:56]      Alert   : 1
[10:48:56]      Status  : 3
[10:48:56] -------------------------------------------------------
[10:49:08] -------------------------------------------------------
[10:49:08]      Suhu    : 27
[10:49:08]      Humid   : 14
[10:49:08]      Motion  : 14
[10:49:08]      Alert   : 1
[10:49:08]      Status  : 3
[10:49:08] -------------------------------------------------------
[10:49:20] -------------------------------------------------------
[10:49:20]      Suhu    : 31
[10:49:20]      Humid   : 16
[10:49:20]      Motion  : 17
[10:49:20]      Alert   : 2
[10:49:20]      Status  : 3
[10:49:20] -------------------------------------------------------
[10:49:31] -------------------------------------------------------
[10:49:31]      Suhu    : 35
[10:49:31]      Humid   : 19
[10:49:31]      Motion  : 19
[10:49:31]      Alert   : 3
[10:49:31]      Status  : 3
[10:49:31] -------------------------------------------------------
[10:49:44] -------------------------------------------------------
[10:49:44]      Suhu    : 39
[10:49:44]      Humid   : 21
[10:49:44]      Motion  : 23
[10:49:44]      Alert   : 3
[10:49:44]      Status  : 3
[10:49:44] -------------------------------------------------------
[10:49:56] -------------------------------------------------------
[10:49:56]      Suhu    : 43
[10:49:56]      Humid   : 23
[10:49:56]      Motion  : 26
[10:49:56]      Alert   : 4
[10:49:56]      Status  : 3
[10:49:56] -------------------------------------------------------
[10:50:08] -------------------------------------------------------
[10:50:08]      Suhu    : 47
[10:50:08]      Humid   : 26
[10:50:08]      Motion  : 29
[10:50:08]      Alert   : 4
[10:50:08]      Status  : 3
[10:50:08] -------------------------------------------------------
[10:50:21] -------------------------------------------------------
[10:50:21]      Suhu    : 52
[10:50:21]      Humid   : 28
[10:50:21]      Motion  : 32
[10:50:21]      Alert   : 4
[10:50:21]      Status  : 3
[10:50:21] -------------------------------------------------------
[10:50:33] -------------------------------------------------------
[10:50:33]      Suhu    : 56
[10:50:33]      Humid   : 31
[10:50:33]      Motion  : 35
[10:50:33]      Alert   : 4
[10:50:33]      Status  : 3
[10:50:33] -------------------------------------------------------
[10:50:47] -------------------------------------------------------
[10:50:47]      Suhu    : 60
[10:50:47]      Humid   : 34
[10:50:47]      Motion  : 38
[10:50:47]      Alert   : 4
[10:50:47]      Status  : 3
[10:50:47] -------------------------------------------------------
[10:51:00] -------------------------------------------------------
[10:51:00]      Suhu    : 65
[10:51:00]      Humid   : 36
[10:51:00]      Motion  : 41
[10:51:00]      Alert   : 4
[10:51:00]      Status  : 3
[10:51:00] -------------------------------------------------------
[10:51:12] -------------------------------------------------------
[10:51:12]      Suhu    : 69
[10:51:12]      Humid   : 39
[10:51:12]      Motion  : 44
[10:51:12]      Alert   : 4
[10:51:12]      Status  : 3
[10:51:12] -------------------------------------------------------
[10:51:24] -------------------------------------------------------
[10:51:24]      Suhu    : 73
[10:51:24]      Humid   : 41
[10:51:24]      Motion  : 48
[10:51:24]      Alert   : 4
[10:51:24]      Status  : 3
[10:51:24] -------------------------------------------------------
[10:51:37] -------------------------------------------------------
[10:51:37]      Suhu    : 77
[10:51:37]      Humid   : 44
[10:51:37]      Motion  : 51
[10:51:37]      Alert   : 4
[10:51:37]      Status  : 3
[10:51:37] -------------------------------------------------------
[10:51:51] -------------------------------------------------------
[10:51:51]      Suhu    : 82
[10:51:51]      Humid   : 46
[10:51:51]      Motion  : 54
[10:51:51]      Alert   : 4
[10:51:51]      Status  : 3
[10:51:51] -------------------------------------------------------
[10:52:03] -------------------------------------------------------
[10:52:03]      Suhu    : 86
[10:52:03]      Humid   : 49
[10:52:03]      Motion  : 57
[10:52:03]      Alert   : 4
[10:52:03]      Status  : 3
[10:52:03] -------------------------------------------------------
[10:52:16] -------------------------------------------------------
[10:52:16]      Suhu    : 90
[10:52:16]      Humid   : 51
[10:52:16]      Motion  : 61
[10:52:16]      Alert   : 4
[10:52:16]      Status  : 3
[10:52:16] -------------------------------------------------------
[10:52:27] -------------------------------------------------------
[10:52:27]      Suhu    : 94
[10:52:27]      Humid   : 54
[10:52:27]      Motion  : 63
[10:52:27]      Alert   : 5
[10:52:27]      Status  : 3
[10:52:27] -------------------------------------------------------
[10:52:40] -------------------------------------------------------
[10:52:40]      Suhu    : 98
[10:52:40]      Humid   : 56
[10:52:40]      Motion  : 67
[10:52:40]      Alert   : 5
[10:52:40]      Status  : 3
[10:52:40] -------------------------------------------------------
[10:52:52] -------------------------------------------------------
[10:52:52]      Suhu    : 102
[10:52:52]      Humid   : 59
[10:52:52]      Motion  : 70
[10:52:52]      Alert   : 5
[10:52:52]      Status  : 3
[10:52:52] -------------------------------------------------------
[10:53:06] -------------------------------------------------------
[10:53:06]      Suhu    : 107
[10:53:06]      Humid   : 61
[10:53:06]      Motion  : 73
[10:53:06]      Alert   : 5
[10:53:06]      Status  : 3
[10:53:06] -------------------------------------------------------
[10:53:18] -------------------------------------------------------
[10:53:18]      Suhu    : 111
[10:53:18]      Humid   : 64
[10:53:18]      Motion  : 76
[10:53:18]      Alert   : 5
[10:53:18]      Status  : 3
[10:53:18] -------------------------------------------------------
[10:53:30] -------------------------------------------------------
[10:53:30]      Suhu    : 115
[10:53:30]      Humid   : 66
[10:53:30]      Motion  : 79
[10:53:30]      Alert   : 6
[10:53:30]      Status  : 3
[10:53:30] -------------------------------------------------------
[10:53:42] -------------------------------------------------------
[10:53:42]      Suhu    : 119
[10:53:42]      Humid   : 69
[10:53:42]      Motion  : 82
[10:53:42]      Alert   : 6
[10:53:42]      Status  : 3
[10:53:42] -------------------------------------------------------
[10:53:54] -------------------------------------------------------
[10:53:54]      Suhu    : 123
[10:53:54]      Humid   : 71
[10:53:54]      Motion  : 85
[10:53:54]      Alert   : 7
[10:53:54]      Status  : 3
[10:53:54] -------------------------------------------------------
[10:54:07] -------------------------------------------------------
[10:54:07]      Suhu    : 127
[10:54:07]      Humid   : 74
[10:54:07]      Motion  : 88
[10:54:07]      Alert   : 7
[10:54:07]      Status  : 3
[10:54:07] -------------------------------------------------------
[10:54:20] -------------------------------------------------------
[10:54:20]      Suhu    : 131
[10:54:20]      Humid   : 76
[10:54:20]      Motion  : 92
[10:54:20]      Alert   : 7
[10:54:20]      Status  : 3
[10:54:20] -------------------------------------------------------
[10:54:32] -------------------------------------------------------
[10:54:32]      Suhu    : 135
[10:54:32]      Humid   : 79
[10:54:32]      Motion  : 94
[10:54:32]      Alert   : 8
[10:54:32]      Status  : 3
[10:54:32] -------------------------------------------------------
[10:54:44] -------------------------------------------------------
[10:54:44]      Suhu    : 139
[10:54:44]      Humid   : 81
[10:54:44]      Motion  : 98
[10:54:44]      Alert   : 8
[10:54:44]      Status  : 3
[10:54:44] -------------------------------------------------------
[10:54:57] -------------------------------------------------------
[10:54:57]      Suhu    : 143
[10:54:57]      Humid   : 84
[10:54:57]      Motion  : 101
[10:54:57]      Alert   : 8
[10:54:57]      Status  : 3
[10:54:57] -------------------------------------------------------
[10:55:09] -------------------------------------------------------
[10:55:09]      Suhu    : 148
[10:55:09]      Humid   : 86
[10:55:09]      Motion  : 104
[10:55:09]      Alert   : 8
[10:55:09]      Status  : 3
[10:55:09] -------------------------------------------------------
[10:55:22] -------------------------------------------------------
[10:55:22]      Suhu    : 152
[10:55:22]      Humid   : 89
[10:55:22]      Motion  : 107
[10:55:22]      Alert   : 8
[10:55:22]      Status  : 3
[10:55:22] -------------------------------------------------------
[10:55:33] -------------------------------------------------------
[10:55:33]      Suhu    : 156
[10:55:33]      Humid   : 91
[10:55:33]      Motion  : 110
[10:55:33]      Alert   : 9
[10:55:33]      Status  : 3
[10:55:33] -------------------------------------------------------
[10:55:47] -------------------------------------------------------
[10:55:47]      Suhu    : 160
[10:55:47]      Humid   : 94
[10:55:47]      Motion  : 113
[10:55:47]      Alert   : 9
[10:55:47]      Status  : 3
[10:55:47] -------------------------------------------------------
[10:56:00] -------------------------------------------------------
[10:56:00]      Suhu    : 165
[10:56:00]      Humid   : 96
[10:56:00]      Motion  : 116
[10:56:00]      Alert   : 9
[10:56:00]      Status  : 3
[10:56:00] -------------------------------------------------------
[10:56:12] -------------------------------------------------------
[10:56:12]      Suhu    : 169
[10:56:12]      Humid   : 99
[10:56:12]      Motion  : 119
[10:56:12]      Alert   : 9
[10:56:12]      Status  : 3
[10:56:12] -------------------------------------------------------
[10:56:24] -------------------------------------------------------
[10:56:24]      Suhu    : 173
[10:56:24]      Humid   : 101
[10:56:24]      Motion  : 123
[10:56:24]      Alert   : 9
[10:56:24]      Status  : 3
[10:56:24] -------------------------------------------------------
[10:56:37] -------------------------------------------------------
[10:56:37]      Suhu    : 177
[10:56:37]      Humid   : 104
[10:56:37]      Motion  : 126
[10:56:37]      Alert   : 9
[10:56:37]      Status  : 3
[10:56:37] -------------------------------------------------------
[10:56:51] -------------------------------------------------------
[10:56:51]      Suhu    : 182
[10:56:51]      Humid   : 106
[10:56:51]      Motion  : 129
[10:56:51]      Alert   : 9
[10:56:51]      Status  : 3
[10:56:51] -------------------------------------------------------
[10:57:03] -------------------------------------------------------
[10:57:03]      Suhu    : 186
[10:57:03]      Humid   : 109
[10:57:03]      Motion  : 132
[10:57:03]      Alert   : 9
[10:57:03]      Status  : 3
[10:57:03] -------------------------------------------------------
[10:57:16] -------------------------------------------------------
[10:57:16]      Suhu    : 190
[10:57:16]      Humid   : 111
[10:57:16]      Motion  : 136
[10:57:16]      Alert   : 9
[10:57:16]      Status  : 3
[10:57:16] -------------------------------------------------------
[10:57:28] -------------------------------------------------------
[10:57:28]      Suhu    : 194
[10:57:28]      Humid   : 114
[10:57:28]      Motion  : 139
[10:57:28]      Alert   : 9
[10:57:28]      Status  : 3
[10:57:28] -------------------------------------------------------
[10:57:42] -------------------------------------------------------
[10:57:42]      Suhu    : 198
[10:57:42]      Humid   : 117
[10:57:42]      Motion  : 142
[10:57:42]      Alert   : 9
[10:57:42]      Status  : 3
[10:57:42] -------------------------------------------------------
[10:57:54] -------------------------------------------------------
[10:57:54]      Suhu    : 203
[10:57:54]      Humid   : 119
[10:57:54]      Motion  : 145
[10:57:54]      Alert   : 9
[10:57:54]      Status  : 3
[10:57:54] -------------------------------------------------------
