[12:20:51] =======================================================
[12:20:51]   SUBSCRIBER DATA LOGGER - TERHUBUNG
[12:20:51] =======================================================
[12:20:51]   Broker  : localhost:1883
[12:20:51]   Log file: E:\TugasInsis2\mqtt_project\subscribers\..\logs\mqtt_log_20260511_122051.log
[12:20:51]      Alias #1: sensors/temperature
[12:20:51]      Alias #2: sensors/humidity
[12:20:51]      Alias #3: sensors/humidity/config
[12:20:51]      Alias #4: sensors/motion
[12:20:51]      Alias #5: sensors/motion/alert
[12:20:51]      Alias #6: status/publisher-suhu
[12:20:51]      Alias #7: status/publisher-kelembaban
[12:20:51]      Alias #8: status/publisher-gerak
[12:20:51] =======================================================
[12:21:01] -------------------------------------------------------
[12:21:01]      Suhu    : 2
[12:21:01]      Humid   : 1
[12:21:01]      Motion  : 0
[12:21:01]      Alert   : 1
[12:21:01]      Status  : 4
[12:21:01] -------------------------------------------------------
[12:21:12] -------------------------------------------------------
[12:21:12]      Suhu    : 6
[12:21:12]      Humid   : 3
[12:21:12]      Motion  : 2
[12:21:12]      Alert   : 1
[12:21:12]      Status  : 6
[12:21:12] -------------------------------------------------------
[12:21:25] -------------------------------------------------------
[12:21:25]      Suhu    : 10
[12:21:25]      Humid   : 5
[12:21:25]      Motion  : 6
[12:21:25]      Alert   : 1
[12:21:25]      Status  : 6
[12:21:25] -------------------------------------------------------
[12:21:37] -------------------------------------------------------
[12:21:37]      Suhu    : 14
[12:21:37]      Humid   : 8
[12:21:37]      Motion  : 9
[12:21:37]      Alert   : 1
[12:21:37]      Status  : 6
[12:21:37] -------------------------------------------------------
[12:21:51] -------------------------------------------------------
[12:21:51]      Suhu    : 18
[12:21:51]      Humid   : 11
[12:21:51]      Motion  : 12
[12:21:51]      Alert   : 1
[12:21:51]      Status  : 6
[12:21:51] -------------------------------------------------------
[12:22:03] -------------------------------------------------------
[12:22:03]      Suhu    : 23
[12:22:03]      Humid   : 13
[12:22:03]      Motion  : 15
[12:22:03]      Alert   : 1
[12:22:03]      Status  : 6
[12:22:03] -------------------------------------------------------
[12:22:16] -------------------------------------------------------
[12:22:16]      Suhu    : 27
[12:22:16]      Humid   : 16
[12:22:16]      Motion  : 18
[12:22:16]      Alert   : 1
[12:22:16]      Status  : 6
[12:22:16] -------------------------------------------------------
[12:22:29] -------------------------------------------------------
[12:22:29]      Suhu    : 31
[12:22:29]      Humid   : 18
[12:22:29]      Motion  : 22
[12:22:29]      Alert   : 1
[12:22:29]      Status  : 6
[12:22:29] -------------------------------------------------------
[12:22:41] -------------------------------------------------------
[12:22:41]      Suhu    : 35
[12:22:41]      Humid   : 21
[12:22:41]      Motion  : 25
[12:22:41]      Alert   : 1
[12:22:41]      Status  : 6
[12:22:41] -------------------------------------------------------
[12:22:51] -------------------------------------------------------
[12:22:51]      Suhu    : 39
[12:22:51]      Humid   : 23
[12:22:51]      Motion  : 27
[12:22:51]      Alert   : 3
[12:22:51]      Status  : 6
[12:22:51] -------------------------------------------------------
[12:23:05] -------------------------------------------------------
[12:23:05]      Suhu    : 43
[12:23:05]      Humid   : 25
[12:23:05]      Motion  : 31
[12:23:05]      Alert   : 3
[12:23:05]      Status  : 6
[12:23:05] -------------------------------------------------------
[12:23:16] -------------------------------------------------------
[12:23:16]      Suhu    : 47
[12:23:16]      Humid   : 28
[12:23:16]      Motion  : 33
[12:23:16]      Alert   : 4
[12:23:16]      Status  : 6
[12:23:16] -------------------------------------------------------
[12:23:29] -------------------------------------------------------
[12:23:29]      Suhu    : 51
[12:23:29]      Humid   : 30
[12:23:29]      Motion  : 37
[12:23:29]      Alert   : 4
[12:23:29]      Status  : 6
[12:23:29] -------------------------------------------------------
[12:23:41] -------------------------------------------------------
[12:23:41]      Suhu    : 55
[12:23:41]      Humid   : 33
[12:23:41]      Motion  : 40
[12:23:41]      Alert   : 4
[12:23:41]      Status  : 6
[12:23:41] -------------------------------------------------------
[12:23:53] -------------------------------------------------------
[12:23:53]      Suhu    : 59
[12:23:53]      Humid   : 35
[12:23:53]      Motion  : 43
[12:23:53]      Alert   : 5
[12:23:53]      Status  : 6
[12:23:53] -------------------------------------------------------
[12:24:06] -------------------------------------------------------
[12:24:06]      Suhu    : 63
[12:24:06]      Humid   : 38
[12:24:06]      Motion  : 46
[12:24:06]      Alert   : 5
[12:24:06]      Status  : 6
[12:24:06] -------------------------------------------------------
[12:24:17] -------------------------------------------------------
[12:24:17]      Suhu    : 67
[12:24:17]      Humid   : 40
[12:24:17]      Motion  : 49
[12:24:17]      Alert   : 6
[12:24:17]      Status  : 6
[12:24:17] -------------------------------------------------------
[12:24:30] -------------------------------------------------------
[12:24:30]      Suhu    : 72
[12:24:30]      Humid   : 42
[12:24:30]      Motion  : 52
[12:24:30]      Alert   : 6
[12:24:30]      Status  : 6
[12:24:30] -------------------------------------------------------
[12:24:41] -------------------------------------------------------
[12:24:41]      Suhu    : 75
[12:24:41]      Humid   : 45
[12:24:41]      Motion  : 55
[12:24:41]      Alert   : 7
[12:24:41]      Status  : 6
[12:24:41] -------------------------------------------------------
[12:24:54] -------------------------------------------------------
[12:24:54]      Suhu    : 80
[12:24:54]      Humid   : 47
[12:24:54]      Motion  : 58
[12:24:54]      Alert   : 7
[12:24:54]      Status  : 6
[12:24:54] -------------------------------------------------------
[12:25:06] -------------------------------------------------------
[12:25:06]      Suhu    : 84
[12:25:06]      Humid   : 50
[12:25:06]      Motion  : 61
[12:25:06]      Alert   : 7
[12:25:06]      Status  : 6
[12:25:06] -------------------------------------------------------
[12:25:21] -------------------------------------------------------
[12:25:21]      Suhu    : 88
[12:25:21]      Humid   : 53
[12:25:21]      Motion  : 64
[12:25:21]      Alert   : 7
[12:25:21]      Status  : 6
[12:25:21] -------------------------------------------------------
[12:25:33] -------------------------------------------------------
[12:25:33]      Suhu    : 92
[12:25:33]      Humid   : 55
[12:25:33]      Motion  : 68
[12:25:33]      Alert   : 7
[12:25:33]      Status  : 6
[12:25:33] -------------------------------------------------------
[12:25:45] -------------------------------------------------------
[12:25:45]      Suhu    : 97
[12:25:45]      Humid   : 57
[12:25:45]      Motion  : 71
[12:25:45]      Alert   : 7
[12:25:45]      Status  : 6
[12:25:45] -------------------------------------------------------
[12:25:57] -------------------------------------------------------
[12:25:57]      Suhu    : 101
[12:25:57]      Humid   : 60
[12:25:57]      Motion  : 74
[12:25:57]      Alert   : 7
[12:25:57]      Status  : 6
[12:25:57] -------------------------------------------------------
[12:26:11] -------------------------------------------------------
[12:26:11]      Suhu    : 105
[12:26:11]      Humid   : 63
[12:26:11]      Motion  : 77
[12:26:11]      Alert   : 7
[12:26:11]      Status  : 6
[12:26:11] -------------------------------------------------------
[12:26:24] -------------------------------------------------------
[12:26:24]      Suhu    : 110
[12:26:24]      Humid   : 65
[12:26:24]      Motion  : 80
[12:26:24]      Alert   : 7
[12:26:24]      Status  : 6
[12:26:24] -------------------------------------------------------
[12:26:33] -------------------------------------------------------
[12:26:33]      Suhu    : 113
[12:26:33]      Humid   : 67
[12:26:33]      Motion  : 83
[12:26:33]      Alert   : 9
[12:26:33]      Status  : 6
[12:26:33] -------------------------------------------------------
[12:26:46] -------------------------------------------------------
[12:26:46]      Suhu    : 117
[12:26:46]      Humid   : 70
[12:26:46]      Motion  : 86
[12:26:46]      Alert   : 9
[12:26:46]      Status  : 6
[12:26:46] -------------------------------------------------------
[12:27:00] -------------------------------------------------------
[12:27:00]      Suhu    : 122
[12:27:00]      Humid   : 72
[12:27:00]      Motion  : 89
[12:27:00]      Alert   : 9
[12:27:00]      Status  : 6
[12:27:00] -------------------------------------------------------
[12:27:12] -------------------------------------------------------
[12:27:12]      Suhu    : 126
[12:27:12]      Humid   : 75
[12:27:12]      Motion  : 92
[12:27:12]      Alert   : 9
[12:27:12]      Status  : 6
[12:27:12] -------------------------------------------------------
[12:27:25] -------------------------------------------------------
[12:27:25]      Suhu    : 130
[12:27:25]      Humid   : 77
[12:27:25]      Motion  : 96
[12:27:25]      Alert   : 9
[12:27:25]      Status  : 6
[12:27:25] -------------------------------------------------------
[12:27:37] -------------------------------------------------------
[12:27:37]      Suhu    : 134
[12:27:37]      Humid   : 80
[12:27:37]      Motion  : 99
[12:27:37]      Alert   : 9
[12:27:37]      Status  : 6
[12:27:37] -------------------------------------------------------
[12:27:51] -------------------------------------------------------
[12:27:51]      Suhu    : 138
[12:27:51]      Humid   : 83
[12:27:51]      Motion  : 102
[12:27:51]      Alert   : 9
[12:27:51]      Status  : 6
[12:27:51] -------------------------------------------------------
[12:28:03] -------------------------------------------------------
[12:28:03]      Suhu    : 143
[12:28:03]      Humid   : 85
[12:28:03]      Motion  : 105
[12:28:03]      Alert   : 9
[12:28:03]      Status  : 6
[12:28:03] -------------------------------------------------------
[12:28:16] -------------------------------------------------------
[12:28:16]      Suhu    : 147
[12:28:16]      Humid   : 88
[12:28:16]      Motion  : 108
[12:28:16]      Alert   : 9
[12:28:16]      Status  : 6
[12:28:16] -------------------------------------------------------
[12:28:29] -------------------------------------------------------
[12:28:29]      Suhu    : 151
[12:28:29]      Humid   : 90
[12:28:29]      Motion  : 112
[12:28:29]      Alert   : 9
[12:28:29]      Status  : 6
[12:28:29] -------------------------------------------------------
[12:28:41] -------------------------------------------------------
[12:28:41]      Suhu    : 155
[12:28:41]      Humid   : 93
[12:28:41]      Motion  : 114
[12:28:41]      Alert   : 10
[12:28:41]      Status  : 6
[12:28:41] -------------------------------------------------------
[12:28:53] -------------------------------------------------------
[12:28:53]      Suhu    : 159
[12:28:53]      Humid   : 95
[12:28:53]      Motion  : 118
[12:28:53]      Alert   : 10
[12:28:53]      Status  : 6
[12:28:53] -------------------------------------------------------
[12:29:06] -------------------------------------------------------
[12:29:06]      Suhu    : 163
[12:29:06]      Humid   : 98
[12:29:06]      Motion  : 121
[12:29:06]      Alert   : 10
[12:29:06]      Status  : 6
[12:29:06] -------------------------------------------------------
[12:29:17] -------------------------------------------------------
[12:29:17]      Suhu    : 167
[12:29:17]      Humid   : 100
[12:29:17]      Motion  : 124
[12:29:17]      Alert   : 11
[12:29:17]      Status  : 6
[12:29:17] -------------------------------------------------------
[12:29:30] -------------------------------------------------------
[12:29:30]      Suhu    : 172
[12:29:30]      Humid   : 102
[12:29:30]      Motion  : 127
[12:29:30]      Alert   : 11
[12:29:30]      Status  : 6
[12:29:30] -------------------------------------------------------
[12:29:42] -------------------------------------------------------
[12:29:43]      Suhu    : 176
[12:29:43]      Humid   : 105
[12:29:43]      Motion  : 130
[12:29:43]      Alert   : 11
[12:29:43]      Status  : 6
[12:29:43] -------------------------------------------------------
[12:29:56] -------------------------------------------------------
[12:29:56]      Suhu    : 180
[12:29:56]      Humid   : 108
[12:29:56]      Motion  : 133
[12:29:56]      Alert   : 11
[12:29:56]      Status  : 6
[12:29:56] -------------------------------------------------------
[12:30:07] -------------------------------------------------------
[12:30:07]      Suhu    : 184
[12:30:07]      Humid   : 110
[12:30:07]      Motion  : 136
[12:30:07]      Alert   : 12
[12:30:07]      Status  : 6
[12:30:07] -------------------------------------------------------
[12:30:21] -------------------------------------------------------
[12:30:21]      Suhu    : 188
[12:30:21]      Humid   : 113
[12:30:21]      Motion  : 139
[12:30:21]      Alert   : 12
[12:30:21]      Status  : 6
[12:30:21] -------------------------------------------------------
[12:30:33] -------------------------------------------------------
[12:30:33]      Suhu    : 192
[12:30:33]      Humid   : 115
[12:30:33]      Motion  : 143
[12:30:33]      Alert   : 12
[12:30:33]      Status  : 6
[12:30:33] -------------------------------------------------------
[12:30:45] -------------------------------------------------------
[12:30:45]      Suhu    : 196
[12:30:45]      Humid   : 117
[12:30:45]      Motion  : 146
[12:30:45]      Alert   : 13
[12:30:45]      Status  : 6
[12:30:45] -------------------------------------------------------
[12:30:57] -------------------------------------------------------
[12:30:58]      Suhu    : 200
[12:30:58]      Humid   : 120
[12:30:58]      Motion  : 149
[12:30:58]      Alert   : 13
[12:30:58]      Status  : 6
[12:30:58] -------------------------------------------------------
[12:31:10] -------------------------------------------------------
[12:31:10]      Suhu    : 204
[12:31:10]      Humid   : 122
[12:31:10]      Motion  : 152
[12:31:10]      Alert   : 14
[12:31:10]      Status  : 6
[12:31:10] -------------------------------------------------------
[12:31:21] -------------------------------------------------------
[12:31:22]      Suhu    : 208
[12:31:22]      Humid   : 125
[12:31:22]      Motion  : 155
[12:31:22]      Alert   : 14
[12:31:22]      Status  : 6
[12:31:22] -------------------------------------------------------
[12:31:34] -------------------------------------------------------
[12:31:34]      Suhu    : 213
[12:31:34]      Humid   : 127
[12:31:34]      Motion  : 158
[12:31:34]      Alert   : 14
[12:31:34]      Status  : 6
[12:31:34] -------------------------------------------------------
[12:31:46] -------------------------------------------------------
[12:31:46]      Suhu    : 217
[12:31:46]      Humid   : 130
[12:31:46]      Motion  : 161
[12:31:46]      Alert   : 14
[12:31:46]      Status  : 6
[12:31:46] -------------------------------------------------------
[12:32:01] -------------------------------------------------------
[12:32:01]      Suhu    : 222
[12:32:01]      Humid   : 132
[12:32:01]      Motion  : 164
[12:32:01]      Alert   : 14
[12:32:01]      Status  : 6
[12:32:01] -------------------------------------------------------
[12:32:13] -------------------------------------------------------
[12:32:13]      Suhu    : 226
[12:32:13]      Humid   : 135
[12:32:13]      Motion  : 167
[12:32:13]      Alert   : 14
[12:32:13]      Status  : 6
[12:32:13] -------------------------------------------------------
[12:32:26] -------------------------------------------------------
[12:32:26]      Suhu    : 230
[12:32:26]      Humid   : 137
[12:32:26]      Motion  : 171
[12:32:26]      Alert   : 14
[12:32:26]      Status  : 6
[12:32:26] -------------------------------------------------------
[12:32:38] -------------------------------------------------------
[12:32:38]      Suhu    : 234
[12:32:38]      Humid   : 140
[12:32:38]      Motion  : 174
[12:32:38]      Alert   : 14
[12:32:38]      Status  : 6
[12:32:38] -------------------------------------------------------
[12:32:51] -------------------------------------------------------
[12:32:51]      Suhu    : 238
[12:32:51]      Humid   : 143
[12:32:51]      Motion  : 177
[12:32:51]      Alert   : 14
[12:32:51]      Status  : 6
[12:32:51] -------------------------------------------------------
[12:33:02] -------------------------------------------------------
[12:33:02]      Suhu    : 242
[12:33:02]      Humid   : 145
[12:33:02]      Motion  : 180
[12:33:02]      Alert   : 15
[12:33:02]      Status  : 6
[12:33:02] -------------------------------------------------------
[12:33:16] -------------------------------------------------------
[12:33:16]      Suhu    : 247
[12:33:16]      Humid   : 147
[12:33:16]      Motion  : 183
[12:33:16]      Alert   : 15
[12:33:16]      Status  : 6
[12:33:16] -------------------------------------------------------
[12:33:28] -------------------------------------------------------
[12:33:28]      Suhu    : 251
[12:33:28]      Humid   : 150
[12:33:28]      Motion  : 186
[12:33:28]      Alert   : 15
[12:33:28]      Status  : 6
[12:33:28] -------------------------------------------------------
[12:33:41] -------------------------------------------------------
[12:33:41]      Suhu    : 255
[12:33:41]      Humid   : 153
[12:33:41]      Motion  : 189
[12:33:41]      Alert   : 15
[12:33:41]      Status  : 6
[12:33:41] -------------------------------------------------------
[12:33:54] -------------------------------------------------------
[12:33:54]      Suhu    : 259
[12:33:54]      Humid   : 155
[12:33:54]      Motion  : 193
[12:33:54]      Alert   : 15
[12:33:54]      Status  : 6
[12:33:54] -------------------------------------------------------
[12:34:06] -------------------------------------------------------
[12:34:06]      Suhu    : 263
[12:34:06]      Humid   : 158
[12:34:06]      Motion  : 196
[12:34:06]      Alert   : 15
[12:34:06]      Status  : 6
[12:34:06] -------------------------------------------------------
[12:34:19] -------------------------------------------------------
[12:34:19]      Suhu    : 268
[12:34:19]      Humid   : 160
[12:34:19]      Motion  : 199
[12:34:19]      Alert   : 15
[12:34:19]      Status  : 6
[12:34:19] -------------------------------------------------------
[12:34:31] -------------------------------------------------------
[12:34:31]      Suhu    : 272
[12:34:31]      Humid   : 163
[12:34:31]      Motion  : 202
[12:34:31]      Alert   : 15
[12:34:31]      Status  : 6
[12:34:31] -------------------------------------------------------
[12:34:46] -------------------------------------------------------
[12:34:46]      Suhu    : 276
[12:34:46]      Humid   : 165
[12:34:46]      Motion  : 206
[12:34:46]      Alert   : 15
[12:34:46]      Status  : 6
[12:34:46] -------------------------------------------------------
[12:34:58] -------------------------------------------------------
[12:34:58]      Suhu    : 280
[12:34:58]      Humid   : 168
[12:34:58]      Motion  : 209
[12:34:58]      Alert   : 15
[12:34:58]      Status  : 6
[12:34:58] -------------------------------------------------------
[12:35:10] -------------------------------------------------------
[12:35:10]      Suhu    : 285
[12:35:10]      Humid   : 170
[12:35:10]      Motion  : 212
[12:35:10]      Alert   : 15
[12:35:10]      Status  : 6
[12:35:10] -------------------------------------------------------
[12:35:22] -------------------------------------------------------
[12:35:22]      Suhu    : 288
[12:35:22]      Humid   : 173
[12:35:22]      Motion  : 215
[12:35:22]      Alert   : 16
[12:35:22]      Status  : 6
[12:35:22] -------------------------------------------------------
[12:35:34] -------------------------------------------------------
[12:35:34]      Suhu    : 292
[12:35:34]      Humid   : 175
[12:35:34]      Motion  : 218
[12:35:34]      Alert   : 17
[12:35:34]      Status  : 6
[12:35:34] -------------------------------------------------------
[12:35:46] -------------------------------------------------------
[12:35:46]      Suhu    : 297
[12:35:46]      Humid   : 177
[12:35:46]      Motion  : 221
[12:35:46]      Alert   : 17
[12:35:46]      Status  : 6
[12:35:46] -------------------------------------------------------
[12:35:58] -------------------------------------------------------
[12:35:58]      Suhu    : 300
[12:35:58]      Humid   : 180
[12:35:58]      Motion  : 224
[12:35:58]      Alert   : 18
[12:35:58]      Status  : 6
[12:35:58] -------------------------------------------------------
[12:36:10] -------------------------------------------------------
[12:36:10]      Suhu    : 304
[12:36:10]      Humid   : 182
[12:36:10]      Motion  : 227
[12:36:10]      Alert   : 19
[12:36:10]      Status  : 6
[12:36:10] -------------------------------------------------------
[12:36:22] -------------------------------------------------------
[12:36:22]      Suhu    : 308
[12:36:22]      Humid   : 185
[12:36:22]      Motion  : 230
[12:36:22]      Alert   : 19
[12:36:22]      Status  : 6
[12:36:22] -------------------------------------------------------
[12:36:34] -------------------------------------------------------
[12:36:34]      Suhu    : 313
[12:36:34]      Humid   : 187
[12:36:34]      Motion  : 233
[12:36:34]      Alert   : 19
[12:36:34]      Status  : 6
[12:36:34] -------------------------------------------------------
[12:36:46] -------------------------------------------------------
[12:36:46]      Suhu    : 317
[12:36:46]      Humid   : 190
[12:36:46]      Motion  : 236
[12:36:46]      Alert   : 19
[12:36:46]      Status  : 6
[12:36:46] -------------------------------------------------------
[12:37:01] -------------------------------------------------------
[12:37:01]      Suhu    : 322
[12:37:01]      Humid   : 192
[12:37:01]      Motion  : 239
[12:37:01]      Alert   : 19
[12:37:01]      Status  : 6
[12:37:01] -------------------------------------------------------
[12:37:13] -------------------------------------------------------
[12:37:13]      Suhu    : 326
[12:37:13]      Humid   : 195
[12:37:13]      Motion  : 242
[12:37:13]      Alert   : 19
[12:37:13]      Status  : 6
[12:37:13] -------------------------------------------------------
[12:37:25] -------------------------------------------------------
[12:37:25]      Suhu    : 330
[12:37:25]      Humid   : 197
[12:37:25]      Motion  : 245
[12:37:25]      Alert   : 20
[12:37:25]      Status  : 6
[12:37:25] -------------------------------------------------------
[12:37:37] -------------------------------------------------------
[12:37:37]      Suhu    : 334
[12:37:37]      Humid   : 200
[12:37:37]      Motion  : 248
[12:37:37]      Alert   : 20
[12:37:37]      Status  : 6
[12:37:37] -------------------------------------------------------
[12:37:50] -------------------------------------------------------
[12:37:50]      Suhu    : 338
[12:37:50]      Humid   : 202
[12:37:50]      Motion  : 252
[12:37:50]      Alert   : 20
[12:37:50]      Status  : 6
[12:37:50] -------------------------------------------------------
[12:38:02] -------------------------------------------------------
[12:38:02]      Suhu    : 342
[12:38:02]      Humid   : 205
[12:38:02]      Motion  : 255
[12:38:02]      Alert   : 20
[12:38:02]      Status  : 6
[12:38:02] -------------------------------------------------------
[12:38:16] -------------------------------------------------------
[12:38:16]      Suhu    : 347
[12:38:16]      Humid   : 207
[12:38:16]      Motion  : 258
[12:38:16]      Alert   : 20
[12:38:16]      Status  : 6
[12:38:16] -------------------------------------------------------
[12:38:28] -------------------------------------------------------
[12:38:28]      Suhu    : 351
[12:38:28]      Humid   : 210
[12:38:28]      Motion  : 261
[12:38:28]      Alert   : 20
[12:38:28]      Status  : 6
[12:38:28] -------------------------------------------------------
[12:38:40] -------------------------------------------------------
[12:38:40]      Suhu    : 355
[12:38:40]      Humid   : 212
[12:38:40]      Motion  : 264
[12:38:40]      Alert   : 21
[12:38:40]      Status  : 6
[12:38:40] -------------------------------------------------------
[12:38:52] -------------------------------------------------------
[12:38:52]      Suhu    : 359
[12:38:52]      Humid   : 215
[12:38:52]      Motion  : 267
[12:38:52]      Alert   : 21
[12:38:52]      Status  : 6
[12:38:52] -------------------------------------------------------
[12:39:06] -------------------------------------------------------
[12:39:06]      Suhu    : 363
[12:39:06]      Humid   : 217
[12:39:06]      Motion  : 271
[12:39:06]      Alert   : 21
[12:39:06]      Status  : 6
[12:39:06] -------------------------------------------------------
[12:39:16] -------------------------------------------------------
[12:39:16]      Suhu    : 367
[12:39:16]      Humid   : 220
[12:39:16]      Motion  : 273
[12:39:16]      Alert   : 22
[12:39:16]      Status  : 6
[12:39:16] -------------------------------------------------------
[12:39:30] -------------------------------------------------------
[12:39:30]      Suhu    : 371
[12:39:30]      Humid   : 222
[12:39:30]      Motion  : 277
[12:39:30]      Alert   : 22
[12:39:30]      Status  : 6
[12:39:30] -------------------------------------------------------
[12:39:42] -------------------------------------------------------
[12:39:42]      Suhu    : 375
[12:39:42]      Humid   : 225
[12:39:42]      Motion  : 280
[12:39:42]      Alert   : 22
[12:39:42]      Status  : 6
[12:39:42] -------------------------------------------------------
[12:39:55] -------------------------------------------------------
[12:39:55]      Suhu    : 380
[12:39:55]      Humid   : 227
[12:39:55]      Motion  : 283
[12:39:55]      Alert   : 22
[12:39:55]      Status  : 6
[12:39:55] -------------------------------------------------------
[12:40:07] -------------------------------------------------------
[12:40:07]      Suhu    : 384
[12:40:07]      Humid   : 230
[12:40:07]      Motion  : 286
[12:40:07]      Alert   : 22
[12:40:07]      Status  : 6
[12:40:07] -------------------------------------------------------
[12:40:21] -------------------------------------------------------
[12:40:21]      Suhu    : 388
[12:40:21]      Humid   : 233
[12:40:21]      Motion  : 289
[12:40:21]      Alert   : 22
[12:40:21]      Status  : 6
[12:40:21] -------------------------------------------------------
[12:40:34] -------------------------------------------------------
[12:40:34]      Suhu    : 392
[12:40:34]      Humid   : 235
[12:40:34]      Motion  : 293
[12:40:34]      Alert   : 22
[12:40:34]      Status  : 6
[12:40:34] -------------------------------------------------------
[12:40:46] -------------------------------------------------------
[12:40:46]      Suhu    : 397
[12:40:46]      Humid   : 237
[12:40:46]      Motion  : 296
[12:40:46]      Alert   : 22
[12:40:46]      Status  : 6
[12:40:46] -------------------------------------------------------
[12:40:58] -------------------------------------------------------
[12:40:58]      Suhu    : 400
[12:40:58]      Humid   : 240
[12:40:58]      Motion  : 299
[12:40:58]      Alert   : 23
[12:40:58]      Status  : 6
[12:40:58] -------------------------------------------------------
[12:41:10] -------------------------------------------------------
[12:41:10]      Suhu    : 405
[12:41:10]      Humid   : 242
[12:41:10]      Motion  : 302
[12:41:10]      Alert   : 23
[12:41:10]      Status  : 6
[12:41:10] -------------------------------------------------------
[12:41:22] -------------------------------------------------------
[12:41:22]      Suhu    : 409
[12:41:22]      Humid   : 245
[12:41:22]      Motion  : 305
[12:41:22]      Alert   : 23
[12:41:22]      Status  : 6
[12:41:22] -------------------------------------------------------
[12:41:36] -------------------------------------------------------
[12:41:36]      Suhu    : 413
[12:41:36]      Humid   : 248
[12:41:36]      Motion  : 308
[12:41:36]      Alert   : 23
[12:41:36]      Status  : 6
[12:41:36] -------------------------------------------------------
[12:41:49] -------------------------------------------------------
[12:41:49]      Suhu    : 418
[12:41:49]      Humid   : 250
[12:41:49]      Motion  : 311
[12:41:49]      Alert   : 23
[12:41:49]      Status  : 6
[12:41:49] -------------------------------------------------------
[12:42:01] -------------------------------------------------------
[12:42:01]      Suhu    : 422
[12:42:01]      Humid   : 253
[12:42:01]      Motion  : 314
[12:42:01]      Alert   : 23
[12:42:01]      Status  : 6
[12:42:01] -------------------------------------------------------
[12:42:14] -------------------------------------------------------
[12:42:14]      Suhu    : 426
[12:42:14]      Humid   : 255
[12:42:14]      Motion  : 318
[12:42:14]      Alert   : 23
[12:42:14]      Status  : 6
[12:42:14] -------------------------------------------------------
[12:42:26] -------------------------------------------------------
[12:42:26]      Suhu    : 430
[12:42:26]      Humid   : 258
[12:42:26]      Motion  : 321
[12:42:26]      Alert   : 23
[12:42:26]      Status  : 6
[12:42:26] -------------------------------------------------------
[12:42:40] -------------------------------------------------------
[12:42:40]      Suhu    : 435
[12:42:40]      Humid   : 260
[12:42:40]      Motion  : 324
[12:42:40]      Alert   : 23
[12:42:40]      Status  : 6
[12:42:40] -------------------------------------------------------
[12:42:52] -------------------------------------------------------
[12:42:52]      Suhu    : 439
[12:42:52]      Humid   : 263
[12:42:52]      Motion  : 327
[12:42:52]      Alert   : 23
[12:42:52]      Status  : 6
[12:42:52] -------------------------------------------------------
[12:43:06] -------------------------------------------------------
[12:43:06]      Suhu    : 443
[12:43:06]      Humid   : 265
[12:43:06]      Motion  : 331
[12:43:06]      Alert   : 23
[12:43:06]      Status  : 6
[12:43:06] -------------------------------------------------------
[12:43:18] -------------------------------------------------------
[12:43:18]      Suhu    : 447
[12:43:18]      Humid   : 268
[12:43:18]      Motion  : 334
[12:43:18]      Alert   : 23
[12:43:18]      Status  : 6
[12:43:18] -------------------------------------------------------
[12:43:31] -------------------------------------------------------
[12:43:31]      Suhu    : 452
[12:43:31]      Humid   : 270
[12:43:31]      Motion  : 337
[12:43:31]      Alert   : 23
[12:43:31]      Status  : 6
[12:43:31] -------------------------------------------------------
[12:43:43] -------------------------------------------------------
[12:43:43]      Suhu    : 456
[12:43:43]      Humid   : 273
[12:43:43]      Motion  : 340
[12:43:43]      Alert   : 23
[12:43:43]      Status  : 6
[12:43:43] -------------------------------------------------------
[12:43:56] -------------------------------------------------------
[12:43:56]      Suhu    : 460
[12:43:56]      Humid   : 276
[12:43:56]      Motion  : 343
[12:43:56]      Alert   : 23
[12:43:56]      Status  : 6
[12:43:56] -------------------------------------------------------
[12:44:10] -------------------------------------------------------
[12:44:10]      Suhu    : 464
[12:44:10]      Humid   : 278
[12:44:10]      Motion  : 347
[12:44:10]      Alert   : 23
[12:44:10]      Status  : 6
[12:44:10] -------------------------------------------------------
[12:44:22] -------------------------------------------------------
[12:44:22]      Suhu    : 468
[12:44:22]      Humid   : 281
[12:44:22]      Motion  : 350
[12:44:22]      Alert   : 23
[12:44:22]      Status  : 6
[12:44:22] -------------------------------------------------------
[12:44:34] -------------------------------------------------------
[12:44:34]      Suhu    : 473
[12:44:34]      Humid   : 283
[12:44:34]      Motion  : 353
[12:44:34]      Alert   : 23
[12:44:34]      Status  : 6
[12:44:34] -------------------------------------------------------
[12:44:46] -------------------------------------------------------
[12:44:46]      Suhu    : 477
[12:44:46]      Humid   : 286
[12:44:46]      Motion  : 356
[12:44:46]      Alert   : 23
[12:44:46]      Status  : 6
[12:44:46] -------------------------------------------------------
[12:45:01] -------------------------------------------------------
[12:45:01]      Suhu    : 482
[12:45:01]      Humid   : 288
[12:45:01]      Motion  : 359
[12:45:01]      Alert   : 23
[12:45:01]      Status  : 6
[12:45:01] -------------------------------------------------------
[12:45:13] -------------------------------------------------------
[12:45:13]      Suhu    : 486
[12:45:13]      Humid   : 291
[12:45:13]      Motion  : 362
[12:45:13]      Alert   : 23
[12:45:13]      Status  : 6
[12:45:13] -------------------------------------------------------
[12:45:26] -------------------------------------------------------
[12:45:26]      Suhu    : 490
[12:45:26]      Humid   : 293
[12:45:26]      Motion  : 366
[12:45:26]      Alert   : 23
[12:45:26]      Status  : 6
[12:45:26] -------------------------------------------------------
[12:45:38] -------------------------------------------------------
[12:45:38]      Suhu    : 494
[12:45:38]      Humid   : 296
[12:45:38]      Motion  : 369
[12:45:38]      Alert   : 23
[12:45:38]      Status  : 6
[12:45:38] -------------------------------------------------------
[12:45:51] -------------------------------------------------------
[12:45:51]      Suhu    : 498
[12:45:51]      Humid   : 299
[12:45:51]      Motion  : 372
[12:45:51]      Alert   : 23
[12:45:51]      Status  : 6
[12:45:51] -------------------------------------------------------
[12:46:04] -------------------------------------------------------
[12:46:04]      Suhu    : 503
[12:46:04]      Humid   : 301
[12:46:04]      Motion  : 375
[12:46:04]      Alert   : 23
[12:46:04]      Status  : 6
[12:46:04] -------------------------------------------------------
[12:46:16] -------------------------------------------------------
[12:46:16]      Suhu    : 507
[12:46:16]      Humid   : 304
[12:46:16]      Motion  : 378
[12:46:16]      Alert   : 23
[12:46:16]      Status  : 6
[12:46:16] -------------------------------------------------------
[12:46:30] -------------------------------------------------------
[12:46:30]      Suhu    : 511
[12:46:30]      Humid   : 306
[12:46:30]      Motion  : 382
[12:46:30]      Alert   : 23
[12:46:30]      Status  : 6
[12:46:30] -------------------------------------------------------
[12:46:42] -------------------------------------------------------
[12:46:42]      Suhu    : 515
[12:46:42]      Humid   : 309
[12:46:42]      Motion  : 385
[12:46:42]      Alert   : 23
[12:46:42]      Status  : 6
[12:46:42] -------------------------------------------------------
[12:46:54] -------------------------------------------------------
[12:46:54]      Suhu    : 519
[12:46:54]      Humid   : 311
[12:46:54]      Motion  : 388
[12:46:54]      Alert   : 24
[12:46:54]      Status  : 6
[12:46:54] -------------------------------------------------------
[12:47:06] -------------------------------------------------------
[12:47:06]      Suhu    : 523
[12:47:06]      Humid   : 313
[12:47:06]      Motion  : 391
[12:47:06]      Alert   : 25
[12:47:06]      Status  : 6
[12:47:06] -------------------------------------------------------
[12:47:16] -------------------------------------------------------
[12:47:16]      Suhu    : 527
[12:47:16]      Humid   : 316
[12:47:16]      Motion  : 393
[12:47:16]      Alert   : 26
[12:47:16]      Status  : 6
[12:47:16] -------------------------------------------------------
[12:47:30] -------------------------------------------------------
[12:47:30]      Suhu    : 531
[12:47:30]      Humid   : 318
[12:47:30]      Motion  : 397
[12:47:30]      Alert   : 26
[12:47:30]      Status  : 6
[12:47:30] -------------------------------------------------------
[12:47:42] -------------------------------------------------------
[12:47:42]      Suhu    : 535
[12:47:42]      Humid   : 321
[12:47:42]      Motion  : 400
[12:47:42]      Alert   : 26
[12:47:42]      Status  : 6
[12:47:42] -------------------------------------------------------
[12:47:55] -------------------------------------------------------
[12:47:55]      Suhu    : 540
[12:47:55]      Humid   : 323
[12:47:55]      Motion  : 403
[12:47:55]      Alert   : 26
[12:47:55]      Status  : 6
[12:47:55] -------------------------------------------------------
[12:48:07] -------------------------------------------------------
[12:48:07]      Suhu    : 544
[12:48:07]      Humid   : 326
[12:48:07]      Motion  : 406
[12:48:07]      Alert   : 26
[12:48:07]      Status  : 6
[12:48:07] -------------------------------------------------------
[12:48:19] -------------------------------------------------------
[12:48:19]      Suhu    : 548
[12:48:19]      Humid   : 328
[12:48:19]      Motion  : 409
[12:48:19]      Alert   : 27
[12:48:19]      Status  : 6
[12:48:19] -------------------------------------------------------
[12:48:31] -------------------------------------------------------
[12:48:31]      Suhu    : 552
[12:48:31]      Humid   : 331
[12:48:31]      Motion  : 412
[12:48:31]      Alert   : 27
[12:48:31]      Status  : 6
[12:48:31] -------------------------------------------------------
[12:48:43] -------------------------------------------------------
[12:48:43]      Suhu    : 556
[12:48:43]      Humid   : 333
[12:48:43]      Motion  : 415
[12:48:43]      Alert   : 28
[12:48:43]      Status  : 6
[12:48:43] -------------------------------------------------------
[12:48:56] -------------------------------------------------------
[12:48:56]      Suhu    : 560
[12:48:56]      Humid   : 336
[12:48:56]      Motion  : 418
[12:48:56]      Alert   : 28
[12:48:56]      Status  : 6
[12:48:56] -------------------------------------------------------
[12:49:10] -------------------------------------------------------
[12:49:10]      Suhu    : 564
[12:49:10]      Humid   : 338
[12:49:10]      Motion  : 422
[12:49:10]      Alert   : 28
[12:49:10]      Status  : 6
[12:49:10] -------------------------------------------------------
[12:49:22] -------------------------------------------------------
[12:49:22]      Suhu    : 568
[12:49:22]      Humid   : 341
[12:49:22]      Motion  : 425
[12:49:22]      Alert   : 28
[12:49:22]      Status  : 6
[12:49:22] -------------------------------------------------------
[12:49:34] -------------------------------------------------------
[12:49:34]      Suhu    : 573
[12:49:34]      Humid   : 343
[12:49:34]      Motion  : 428
[12:49:34]      Alert   : 28
[12:49:34]      Status  : 6
[12:49:34] -------------------------------------------------------
[12:49:46] -------------------------------------------------------
[12:49:46]      Suhu    : 577
[12:49:46]      Humid   : 346
[12:49:46]      Motion  : 431
[12:49:46]      Alert   : 28
[12:49:46]      Status  : 6
[12:49:46] -------------------------------------------------------
[12:49:58] -------------------------------------------------------
[12:49:58]      Suhu    : 581
[12:49:58]      Humid   : 348
[12:49:58]      Motion  : 434
[12:49:58]      Alert   : 29
[12:49:58]      Status  : 6
[12:49:58] -------------------------------------------------------
[12:50:11] -------------------------------------------------------
[12:50:11]      Suhu    : 585
[12:50:11]      Humid   : 351
[12:50:11]      Motion  : 437
[12:50:11]      Alert   : 29
[12:50:11]      Status  : 6
[12:50:11] -------------------------------------------------------
[12:50:25] -------------------------------------------------------
[12:50:25]      Suhu    : 590
[12:50:25]      Humid   : 353
[12:50:25]      Motion  : 440
[12:50:25]      Alert   : 29
[12:50:25]      Status  : 6
[12:50:25] -------------------------------------------------------
[12:50:37] -------------------------------------------------------
[12:50:37]      Suhu    : 594
[12:50:37]      Humid   : 356
[12:50:37]      Motion  : 443
[12:50:37]      Alert   : 29
[12:50:37]      Status  : 6
[12:50:37] -------------------------------------------------------
[12:50:50] -------------------------------------------------------
[12:50:50]      Suhu    : 598
[12:50:50]      Humid   : 358
[12:50:50]      Motion  : 447
[12:50:50]      Alert   : 29
[12:50:50]      Status  : 6
[12:50:50] -------------------------------------------------------
[12:51:02] -------------------------------------------------------
[12:51:02]      Suhu    : 602
[12:51:02]      Humid   : 361
[12:51:02]      Motion  : 450
[12:51:02]      Alert   : 29
[12:51:02]      Status  : 6
[12:51:02] -------------------------------------------------------
[12:51:14] -------------------------------------------------------
[12:51:14]      Suhu    : 606
[12:51:14]      Humid   : 363
[12:51:14]      Motion  : 453
[12:51:14]      Alert   : 30
[12:51:14]      Status  : 6
[12:51:14] -------------------------------------------------------
[12:51:26] -------------------------------------------------------
[12:51:26]      Suhu    : 610
[12:51:26]      Humid   : 366
[12:51:26]      Motion  : 456
[12:51:26]      Alert   : 30
[12:51:26]      Status  : 6
[12:51:26] -------------------------------------------------------
[12:51:40] -------------------------------------------------------
[12:51:40]      Suhu    : 615
[12:51:40]      Humid   : 368
[12:51:40]      Motion  : 459
[12:51:40]      Alert   : 30
[12:51:40]      Status  : 6
[12:51:40] -------------------------------------------------------
[12:51:52] -------------------------------------------------------
[12:51:52]      Suhu    : 619
[12:51:52]      Humid   : 371
[12:51:52]      Motion  : 462
[12:51:52]      Alert   : 30
[12:51:52]      Status  : 6
[12:51:52] -------------------------------------------------------
[12:52:06] -------------------------------------------------------
[12:52:06]      Suhu    : 623
[12:52:06]      Humid   : 373
[12:52:06]      Motion  : 466
[12:52:06]      Alert   : 30
[12:52:06]      Status  : 6
[12:52:06] -------------------------------------------------------
[12:52:18] -------------------------------------------------------
[12:52:18]      Suhu    : 627
[12:52:18]      Humid   : 376
[12:52:18]      Motion  : 469
[12:52:18]      Alert   : 30
[12:52:18]      Status  : 6
[12:52:18] -------------------------------------------------------
[12:52:31] -------------------------------------------------------
[12:52:31]      Suhu    : 632
[12:52:31]      Humid   : 378
[12:52:31]      Motion  : 472
[12:52:31]      Alert   : 30
[12:52:31]      Status  : 6
[12:52:31] -------------------------------------------------------
[12:52:43] -------------------------------------------------------
[12:52:43]      Suhu    : 636
[12:52:43]      Humid   : 381
[12:52:43]      Motion  : 475
[12:52:43]      Alert   : 30
[12:52:43]      Status  : 6
[12:52:43] -------------------------------------------------------
[12:52:56] -------------------------------------------------------
[12:52:56]      Suhu    : 640
[12:52:56]      Humid   : 384
[12:52:56]      Motion  : 478
[12:52:56]      Alert   : 30
[12:52:56]      Status  : 6
[12:52:56] -------------------------------------------------------
[12:53:10] -------------------------------------------------------
[12:53:10]      Suhu    : 644
[12:53:10]      Humid   : 386
[12:53:10]      Motion  : 482
[12:53:10]      Alert   : 30
[12:53:10]      Status  : 6
[12:53:10] -------------------------------------------------------
[12:53:22] -------------------------------------------------------
[12:53:22]      Suhu    : 648
[12:53:22]      Humid   : 389
[12:53:22]      Motion  : 485
[12:53:22]      Alert   : 30
[12:53:22]      Status  : 6
[12:53:22] -------------------------------------------------------
[12:53:34] -------------------------------------------------------
[12:53:34]      Suhu    : 653
[12:53:34]      Humid   : 391
[12:53:34]      Motion  : 488
[12:53:34]      Alert   : 30
[12:53:34]      Status  : 6
[12:53:34] -------------------------------------------------------
[12:53:46] -------------------------------------------------------
[12:53:46]      Suhu    : 657
[12:53:46]      Humid   : 393
[12:53:46]      Motion  : 491
[12:53:46]      Alert   : 31
[12:53:46]      Status  : 6
[12:53:46] -------------------------------------------------------
[12:53:58] -------------------------------------------------------
[12:53:58]      Suhu    : 661
[12:53:58]      Humid   : 396
[12:53:58]      Motion  : 494
[12:53:58]      Alert   : 31
[12:53:58]      Status  : 6
[12:53:58] -------------------------------------------------------
[12:54:10] -------------------------------------------------------
[12:54:10]      Suhu    : 665
[12:54:10]      Humid   : 398
[12:54:10]      Motion  : 497
[12:54:10]      Alert   : 32
[12:54:10]      Status  : 6
[12:54:10] -------------------------------------------------------
[12:54:22] -------------------------------------------------------
[12:54:22]      Suhu    : 669
[12:54:22]      Humid   : 401
[12:54:22]      Motion  : 500
[12:54:22]      Alert   : 32
[12:54:22]      Status  : 6
[12:54:22] -------------------------------------------------------
[12:54:36] -------------------------------------------------------
[12:54:36]      Suhu    : 673
[12:54:36]      Humid   : 404
[12:54:36]      Motion  : 503
[12:54:36]      Alert   : 32
[12:54:36]      Status  : 6
[12:54:36] -------------------------------------------------------
[12:54:49] -------------------------------------------------------
[12:54:49]      Suhu    : 678
[12:54:49]      Humid   : 406
[12:54:49]      Motion  : 506
[12:54:49]      Alert   : 32
[12:54:49]      Status  : 6
[12:54:49] -------------------------------------------------------
[12:55:01] -------------------------------------------------------
[12:55:01]      Suhu    : 682
[12:55:01]      Humid   : 409
[12:55:01]      Motion  : 509
[12:55:01]      Alert   : 32
[12:55:01]      Status  : 6
[12:55:01] -------------------------------------------------------
[12:55:14] -------------------------------------------------------
[12:55:14]      Suhu    : 686
[12:55:14]      Humid   : 411
[12:55:14]      Motion  : 513
[12:55:14]      Alert   : 32
[12:55:14]      Status  : 6
[12:55:14] -------------------------------------------------------
[12:55:26] -------------------------------------------------------
[12:55:26]      Suhu    : 690
[12:55:26]      Humid   : 414
[12:55:26]      Motion  : 516
[12:55:26]      Alert   : 32
[12:55:26]      Status  : 6
[12:55:26] -------------------------------------------------------
[12:55:40] -------------------------------------------------------
[12:55:40]      Suhu    : 695
[12:55:40]      Humid   : 416
[12:55:40]      Motion  : 519
[12:55:40]      Alert   : 32
[12:55:40]      Status  : 6
[12:55:40] -------------------------------------------------------
[12:55:52] -------------------------------------------------------
[12:55:52]      Suhu    : 699
[12:55:52]      Humid   : 419
[12:55:52]      Motion  : 522
[12:55:52]      Alert   : 32
[12:55:52]      Status  : 6
[12:55:52] -------------------------------------------------------
[12:56:06] -------------------------------------------------------
[12:56:06]      Suhu    : 703
[12:56:06]      Humid   : 421
[12:56:06]      Motion  : 526
[12:56:06]      Alert   : 32
[12:56:06]      Status  : 6
[12:56:06] -------------------------------------------------------
