[14:38:59] =======================================================
[14:38:59]   SUBSCRIBER DATA LOGGER - TERHUBUNG
[14:38:59] =======================================================
[14:38:59]   Broker  : localhost:1883
[14:38:59]   Log file: E:\TugasInsis2\mqtt_project\subscribers\..\logs\mqtt_log_20260513_143859.log
[14:38:59]      Alias #1: sensors/temperature
[14:38:59]      Alias #2: sensors/humidity
[14:38:59]      Alias #3: sensors/humidity/config
[14:38:59]      Alias #4: sensors/motion
[14:38:59]      Alias #5: sensors/motion/alert
[14:38:59]      Alias #6: status/publisher-suhu
[14:38:59]      Alias #7: status/publisher-kelembaban
[14:38:59]      Alias #8: status/publisher-gerak
[14:38:59] =======================================================
[14:39:52] -------------------------------------------------------
[14:39:52]      Suhu    : 4
[14:39:52]      Humid   : 0
[14:39:52]      Motion  : 0
[14:39:52]      Alert   : 1
[14:39:52]      Status  : 4
[14:39:52] -------------------------------------------------------
[14:40:04] -------------------------------------------------------
[14:40:04]      Suhu    : 7
[14:40:04]      Humid   : 3
[14:40:04]      Motion  : 1
[14:40:04]      Alert   : 1
[14:40:04]      Status  : 6
[14:40:04] -------------------------------------------------------
[14:40:15] -------------------------------------------------------
[14:40:15]      Suhu    : 11
[14:40:15]      Humid   : 5
[14:40:15]      Motion  : 4
[14:40:15]      Alert   : 2
[14:40:15]      Status  : 6
[14:40:15] -------------------------------------------------------
[14:40:28] -------------------------------------------------------
[14:40:28]      Suhu    : 16
[14:40:28]      Humid   : 7
[14:40:28]      Motion  : 7
[14:40:28]      Alert   : 2
[14:40:28]      Status  : 6
[14:40:28] -------------------------------------------------------
[14:40:40] -------------------------------------------------------
[14:40:40]      Suhu    : 20
[14:40:40]      Humid   : 10
[14:40:40]      Motion  : 10
[14:40:40]      Alert   : 2
[14:40:40]      Status  : 6
[14:40:40] -------------------------------------------------------
[14:40:54] -------------------------------------------------------
[14:40:54]      Suhu    : 24
[14:40:54]      Humid   : 13
[14:40:54]      Motion  : 13
[14:40:54]      Alert   : 2
[14:40:54]      Status  : 6
[14:40:54] -------------------------------------------------------
[14:41:07] -------------------------------------------------------
[14:41:07]      Suhu    : 28
[14:41:07]      Humid   : 15
[14:41:07]      Motion  : 17
[14:41:07]      Alert   : 2
[14:41:07]      Status  : 6
[14:41:07] -------------------------------------------------------
[14:41:19] -------------------------------------------------------
[14:41:19]      Suhu    : 32
[14:41:19]      Humid   : 18
[14:41:19]      Motion  : 20
[14:41:19]      Alert   : 2
[14:41:19]      Status  : 6
[14:41:19] -------------------------------------------------------
[14:41:31] -------------------------------------------------------
[14:41:31]      Suhu    : 36
[14:41:31]      Humid   : 20
[14:41:31]      Motion  : 23
[14:41:31]      Alert   : 3
[14:41:31]      Status  : 6
[14:41:31] -------------------------------------------------------
[14:41:43] -------------------------------------------------------
[14:41:43]      Suhu    : 41
[14:41:43]      Humid   : 22
[14:41:43]      Motion  : 26
[14:41:43]      Alert   : 3
[14:41:43]      Status  : 6
[14:41:43] -------------------------------------------------------
[14:41:55] -------------------------------------------------------
[14:41:55]      Suhu    : 45
[14:41:55]      Humid   : 25
[14:41:55]      Motion  : 29
[14:41:55]      Alert   : 3
[14:41:55]      Status  : 6
[14:41:55] -------------------------------------------------------
[14:42:09] -------------------------------------------------------
[14:42:09]      Suhu    : 49
[14:42:09]      Humid   : 28
[14:42:09]      Motion  : 32
[14:42:09]      Alert   : 3
[14:42:09]      Status  : 6
[14:42:09] -------------------------------------------------------
[14:42:22] -------------------------------------------------------
[14:42:22]      Suhu    : 54
[14:42:22]      Humid   : 30
[14:42:22]      Motion  : 35
[14:42:22]      Alert   : 3
[14:42:22]      Status  : 6
[14:42:22] -------------------------------------------------------
[14:42:34] -------------------------------------------------------
[14:42:34]      Suhu    : 58
[14:42:34]      Humid   : 33
[14:42:34]      Motion  : 38
[14:42:34]      Alert   : 3
[14:42:34]      Status  : 6
[14:42:34] -------------------------------------------------------
[14:42:47] -------------------------------------------------------
[14:42:47]      Suhu    : 62
[14:42:47]      Humid   : 35
[14:42:47]      Motion  : 42
[14:42:47]      Alert   : 3
[14:42:47]      Status  : 6
[14:42:47] -------------------------------------------------------
[14:42:59] -------------------------------------------------------
[14:42:59]      Suhu    : 66
[14:42:59]      Humid   : 38
[14:42:59]      Motion  : 45
[14:42:59]      Alert   : 3
[14:42:59]      Status  : 6
[14:42:59] -------------------------------------------------------
[14:43:14] -------------------------------------------------------
[14:43:14]      Suhu    : 71
[14:43:14]      Humid   : 40
[14:43:14]      Motion  : 48
[14:43:14]      Alert   : 3
[14:43:14]      Status  : 6
[14:43:14] -------------------------------------------------------
[14:43:26] -------------------------------------------------------
[14:43:26]      Suhu    : 75
[14:43:26]      Humid   : 43
[14:43:26]      Motion  : 51
[14:43:26]      Alert   : 3
[14:43:26]      Status  : 6
[14:43:26] -------------------------------------------------------
[14:43:39] -------------------------------------------------------
[14:43:39]      Suhu    : 79
[14:43:39]      Humid   : 46
[14:43:39]      Motion  : 54
[14:43:39]      Alert   : 3
[14:43:39]      Status  : 6
[14:43:39] -------------------------------------------------------
[14:43:50] -------------------------------------------------------
[14:43:50]      Suhu    : 83
[14:43:50]      Humid   : 48
[14:43:50]      Motion  : 57
[14:43:50]      Alert   : 4
[14:43:50]      Status  : 6
[14:43:50] -------------------------------------------------------
[14:44:03] -------------------------------------------------------
[14:44:03]      Suhu    : 87
[14:44:03]      Humid   : 50
[14:44:03]      Motion  : 61
[14:44:03]      Alert   : 4
[14:44:03]      Status  : 6
[14:44:03] -------------------------------------------------------
[14:44:14] -------------------------------------------------------
[14:44:14]      Suhu    : 91
[14:44:14]      Humid   : 53
[14:44:14]      Motion  : 63
[14:44:14]      Alert   : 5
[14:44:14]      Status  : 6
[14:44:14] -------------------------------------------------------
[14:44:27] -------------------------------------------------------
[14:44:27]      Suhu    : 95
[14:44:27]      Humid   : 55
[14:44:27]      Motion  : 67
[14:44:27]      Alert   : 5
[14:44:27]      Status  : 6
[14:44:27] -------------------------------------------------------
[14:44:39] -------------------------------------------------------
[14:44:39]      Suhu    : 99
[14:44:39]      Humid   : 58
[14:44:39]      Motion  : 70
[14:44:39]      Alert   : 5
[14:44:39]      Status  : 6
[14:44:39] -------------------------------------------------------
[14:44:53] -------------------------------------------------------
[14:44:53]      Suhu    : 104
[14:44:53]      Humid   : 60
[14:44:53]      Motion  : 73
[14:44:53]      Alert   : 5
[14:44:53]      Status  : 6
[14:44:53] -------------------------------------------------------
[14:45:04] -------------------------------------------------------
[14:45:04]      Suhu    : 107
[14:45:04]      Humid   : 63
[14:45:04]      Motion  : 76
[14:45:04]      Alert   : 6
[14:45:04]      Status  : 6
[14:45:04] -------------------------------------------------------
[14:45:17] -------------------------------------------------------
[14:45:17]      Suhu    : 112
[14:45:17]      Humid   : 65
[14:45:17]      Motion  : 79
[14:45:17]      Alert   : 6
[14:45:17]      Status  : 6
[14:45:17] -------------------------------------------------------
[14:45:29] -------------------------------------------------------
[14:45:29]      Suhu    : 116
[14:45:29]      Humid   : 68
[14:45:29]      Motion  : 82
[14:45:29]      Alert   : 6
[14:45:29]      Status  : 6
[14:45:29] -------------------------------------------------------
[14:45:43] -------------------------------------------------------
[14:45:43]      Suhu    : 120
[14:45:43]      Humid   : 70
[14:45:43]      Motion  : 86
[14:45:43]      Alert   : 6
[14:45:43]      Status  : 6
[14:45:43] -------------------------------------------------------
[14:45:55] -------------------------------------------------------
[14:45:55]      Suhu    : 124
[14:45:55]      Humid   : 73
[14:45:55]      Motion  : 89
[14:45:55]      Alert   : 6
[14:45:55]      Status  : 6
[14:45:55] -------------------------------------------------------
[14:46:08] -------------------------------------------------------
[14:46:08]      Suhu    : 129
[14:46:08]      Humid   : 75
[14:46:08]      Motion  : 92
[14:46:08]      Alert   : 6
[14:46:08]      Status  : 6
[14:46:08] -------------------------------------------------------
[14:46:20] -------------------------------------------------------
[14:46:20]      Suhu    : 133
[14:46:20]      Humid   : 78
[14:46:20]      Motion  : 95
[14:46:20]      Alert   : 6
[14:46:20]      Status  : 6
[14:46:20] -------------------------------------------------------
[14:46:32] -------------------------------------------------------
[14:46:32]      Suhu    : 137
[14:46:32]      Humid   : 80
[14:46:32]      Motion  : 98
[14:46:32]      Alert   : 7
[14:46:32]      Status  : 6
[14:46:32] -------------------------------------------------------
[14:46:44] -------------------------------------------------------
[14:46:44]      Suhu    : 141
[14:46:44]      Humid   : 83
[14:46:44]      Motion  : 101
[14:46:44]      Alert   : 7
[14:46:44]      Status  : 6
[14:46:44] -------------------------------------------------------
[14:46:59] -------------------------------------------------------
[14:46:59]      Suhu    : 146
[14:46:59]      Humid   : 85
[14:46:59]      Motion  : 104
[14:46:59]      Alert   : 7
[14:46:59]      Status  : 6
[14:46:59] -------------------------------------------------------
[14:47:11] -------------------------------------------------------
[14:47:11]      Suhu    : 150
[14:47:11]      Humid   : 88
[14:47:11]      Motion  : 107
[14:47:11]      Alert   : 7
[14:47:11]      Status  : 6
[14:47:11] -------------------------------------------------------
[14:47:23] -------------------------------------------------------
[14:47:23]      Suhu    : 154
[14:47:23]      Humid   : 90
[14:47:23]      Motion  : 111
[14:47:23]      Alert   : 7
[14:47:23]      Status  : 6
[14:47:23] -------------------------------------------------------
[14:47:35] -------------------------------------------------------
[14:47:35]      Suhu    : 158
[14:47:35]      Humid   : 93
[14:47:35]      Motion  : 114
[14:47:35]      Alert   : 7
[14:47:35]      Status  : 6
[14:47:35] -------------------------------------------------------
[14:47:49] -------------------------------------------------------
[14:47:49]      Suhu    : 162
[14:47:49]      Humid   : 96
[14:47:49]      Motion  : 117
[14:47:49]      Alert   : 7
[14:47:49]      Status  : 6
[14:47:49] -------------------------------------------------------
[14:48:02] -------------------------------------------------------
[14:48:02]      Suhu    : 167
[14:48:02]      Humid   : 98
[14:48:02]      Motion  : 120
[14:48:02]      Alert   : 7
[14:48:02]      Status  : 6
[14:48:02] -------------------------------------------------------
[14:48:14] -------------------------------------------------------
[14:48:14]      Suhu    : 171
[14:48:14]      Humid   : 101
[14:48:14]      Motion  : 123
[14:48:14]      Alert   : 7
[14:48:14]      Status  : 6
[14:48:14] -------------------------------------------------------
[14:48:27] -------------------------------------------------------
[14:48:27]      Suhu    : 175
[14:48:27]      Humid   : 103
[14:48:27]      Motion  : 127
[14:48:27]      Alert   : 7
[14:48:27]      Status  : 6
[14:48:27] -------------------------------------------------------
[14:48:39] -------------------------------------------------------
[14:48:39]      Suhu    : 179
[14:48:39]      Humid   : 106
[14:48:39]      Motion  : 130
[14:48:39]      Alert   : 7
[14:48:39]      Status  : 6
[14:48:39] -------------------------------------------------------
[14:48:51] -------------------------------------------------------
[14:48:51]      Suhu    : 183
[14:48:51]      Humid   : 108
[14:48:51]      Motion  : 133
[14:48:51]      Alert   : 8
[14:48:51]      Status  : 6
[14:48:51] -------------------------------------------------------
[14:49:04] -------------------------------------------------------
[14:49:04]      Suhu    : 187
[14:49:04]      Humid   : 111
[14:49:04]      Motion  : 136
[14:49:04]      Alert   : 8
[14:49:04]      Status  : 6
[14:49:04] -------------------------------------------------------
[14:49:17] -------------------------------------------------------
[14:49:17]      Suhu    : 192
[14:49:17]      Humid   : 113
[14:49:17]      Motion  : 139
[14:49:17]      Alert   : 8
[14:49:17]      Status  : 6
[14:49:17] -------------------------------------------------------
[14:49:29] -------------------------------------------------------
[14:49:29]      Suhu    : 196
[14:49:29]      Humid   : 116
[14:49:29]      Motion  : 142
[14:49:29]      Alert   : 8
[14:49:29]      Status  : 6
[14:49:29] -------------------------------------------------------
[14:49:43] -------------------------------------------------------
[14:49:43]      Suhu    : 200
[14:49:43]      Humid   : 118
[14:49:43]      Motion  : 146
[14:49:43]      Alert   : 8
[14:49:43]      Status  : 6
[14:49:43] -------------------------------------------------------
[14:49:55] -------------------------------------------------------
[14:49:55]      Suhu    : 204
[14:49:55]      Humid   : 121
[14:49:55]      Motion  : 149
[14:49:55]      Alert   : 8
[14:49:55]      Status  : 6
[14:49:55] -------------------------------------------------------
[14:50:08] -------------------------------------------------------
[14:50:08]      Suhu    : 209
[14:50:08]      Humid   : 123
[14:50:08]      Motion  : 152
[14:50:08]      Alert   : 8
[14:50:08]      Status  : 6
[14:50:08] -------------------------------------------------------
[14:50:20] -------------------------------------------------------
[14:50:20]      Suhu    : 213
[14:50:20]      Humid   : 126
[14:50:20]      Motion  : 155
[14:50:20]      Alert   : 8
[14:50:20]      Status  : 6
[14:50:20] -------------------------------------------------------
[14:50:34] -------------------------------------------------------
[14:50:34]      Suhu    : 217
[14:50:34]      Humid   : 129
[14:50:34]      Motion  : 158
[14:50:34]      Alert   : 8
[14:50:34]      Status  : 6
[14:50:34] -------------------------------------------------------
[14:50:47] -------------------------------------------------------
[14:50:47]      Suhu    : 222
[14:50:47]      Humid   : 131
[14:50:47]      Motion  : 161
[14:50:47]      Alert   : 8
[14:50:47]      Status  : 6
[14:50:47] -------------------------------------------------------
[14:50:59] -------------------------------------------------------
[14:50:59]      Suhu    : 226
[14:50:59]      Humid   : 134
[14:50:59]      Motion  : 164
[14:50:59]      Alert   : 8
[14:50:59]      Status  : 6
[14:50:59] -------------------------------------------------------
[14:51:11] -------------------------------------------------------
[14:51:11]      Suhu    : 230
[14:51:11]      Humid   : 136
[14:51:11]      Motion  : 168
[14:51:11]      Alert   : 8
[14:51:11]      Status  : 6
[14:51:11] -------------------------------------------------------
[14:51:24] -------------------------------------------------------
[14:51:24]      Suhu    : 234
[14:51:24]      Humid   : 139
[14:51:24]      Motion  : 171
[14:51:24]      Alert   : 8
[14:51:24]      Status  : 6
[14:51:24] -------------------------------------------------------
[14:51:38] -------------------------------------------------------
[14:51:38]      Suhu    : 239
[14:51:38]      Humid   : 141
[14:51:38]      Motion  : 174
[14:51:38]      Alert   : 8
[14:51:38]      Status  : 6
[14:51:38] -------------------------------------------------------
[14:51:50] -------------------------------------------------------
[14:51:50]      Suhu    : 243
[14:51:50]      Humid   : 144
[14:51:50]      Motion  : 177
[14:51:50]      Alert   : 8
[14:51:50]      Status  : 6
[14:51:50] -------------------------------------------------------
[14:52:03] -------------------------------------------------------
[14:52:03]      Suhu    : 247
[14:52:03]      Humid   : 146
[14:52:03]      Motion  : 181
[14:52:03]      Alert   : 8
[14:52:03]      Status  : 6
[14:52:03] -------------------------------------------------------
[14:52:15] -------------------------------------------------------
[14:52:15]      Suhu    : 251
[14:52:15]      Humid   : 149
[14:52:15]      Motion  : 184
[14:52:15]      Alert   : 8
[14:52:15]      Status  : 6
[14:52:15] -------------------------------------------------------
[14:52:29] -------------------------------------------------------
[14:52:29]      Suhu    : 256
[14:52:29]      Humid   : 151
[14:52:29]      Motion  : 187
[14:52:29]      Alert   : 8
[14:52:29]      Status  : 6
[14:52:29] -------------------------------------------------------
[14:52:41] -------------------------------------------------------
[14:52:41]      Suhu    : 260
[14:52:41]      Humid   : 154
[14:52:41]      Motion  : 190
[14:52:41]      Alert   : 8
[14:52:41]      Status  : 6
[14:52:41] -------------------------------------------------------
[14:52:54] -------------------------------------------------------
[14:52:54]      Suhu    : 264
[14:52:54]      Humid   : 157
[14:52:54]      Motion  : 193
[14:52:54]      Alert   : 8
[14:52:54]      Status  : 6
[14:52:54] -------------------------------------------------------
[14:53:07] -------------------------------------------------------
[14:53:07]      Suhu    : 268
[14:53:07]      Humid   : 159
[14:53:07]      Motion  : 197
[14:53:07]      Alert   : 8
[14:53:07]      Status  : 6
[14:53:07] -------------------------------------------------------
[14:53:19] -------------------------------------------------------
[14:53:19]      Suhu    : 272
[14:53:19]      Humid   : 162
[14:53:19]      Motion  : 200
[14:53:19]      Alert   : 8
[14:53:19]      Status  : 6
[14:53:19] -------------------------------------------------------
[14:53:32] -------------------------------------------------------
[14:53:32]      Suhu    : 277
[14:53:32]      Humid   : 164
[14:53:32]      Motion  : 203
[14:53:32]      Alert   : 8
[14:53:32]      Status  : 6
[14:53:32] -------------------------------------------------------
[14:53:44] -------------------------------------------------------
[14:53:44]      Suhu    : 281
[14:53:44]      Humid   : 167
[14:53:44]      Motion  : 206
[14:53:44]      Alert   : 8
[14:53:44]      Status  : 6
[14:53:44] -------------------------------------------------------
[14:53:59] -------------------------------------------------------
[14:53:59]      Suhu    : 286
[14:53:59]      Humid   : 169
[14:53:59]      Motion  : 209
[14:53:59]      Alert   : 8
[14:53:59]      Status  : 6
[14:53:59] -------------------------------------------------------
[14:54:11] -------------------------------------------------------
[14:54:11]      Suhu    : 290
[14:54:11]      Humid   : 172
[14:54:11]      Motion  : 212
[14:54:11]      Alert   : 8
[14:54:11]      Status  : 6
[14:54:11] -------------------------------------------------------
[14:54:23] -------------------------------------------------------
[14:54:23]      Suhu    : 294
[14:54:23]      Humid   : 174
[14:54:23]      Motion  : 216
[14:54:23]      Alert   : 8
[14:54:23]      Status  : 6
[14:54:23] -------------------------------------------------------
[14:54:35] -------------------------------------------------------
[14:54:35]      Suhu    : 298
[14:54:35]      Humid   : 177
[14:54:35]      Motion  : 218
[14:54:35]      Alert   : 9
[14:54:35]      Status  : 6
[14:54:35] -------------------------------------------------------
[14:54:47] -------------------------------------------------------
[14:54:47]      Suhu    : 302
[14:54:47]      Humid   : 179
[14:54:47]      Motion  : 222
[14:54:47]      Alert   : 9
[14:54:47]      Status  : 6
[14:54:47] -------------------------------------------------------
[14:54:59] -------------------------------------------------------
[14:54:59]      Suhu    : 306
[14:54:59]      Humid   : 182
[14:54:59]      Motion  : 225
[14:54:59]      Alert   : 9
[14:54:59]      Status  : 6
[14:54:59] -------------------------------------------------------
[14:55:14] -------------------------------------------------------
[14:55:14]      Suhu    : 311
[14:55:14]      Humid   : 184
[14:55:14]      Motion  : 228
[14:55:14]      Alert   : 9
[14:55:14]      Status  : 6
[14:55:14] -------------------------------------------------------
[14:55:24] -------------------------------------------------------
[14:55:24]      Suhu    : 314
[14:55:24]      Humid   : 187
[14:55:24]      Motion  : 231
[14:55:24]      Alert   : 10
[14:55:24]      Status  : 6
[14:55:24] -------------------------------------------------------
[14:55:38] -------------------------------------------------------
[14:55:38]      Suhu    : 319
[14:55:38]      Humid   : 189
[14:55:38]      Motion  : 234
[14:55:38]      Alert   : 10
[14:55:38]      Status  : 6
[14:55:38] -------------------------------------------------------
[14:55:50] -------------------------------------------------------
[14:55:50]      Suhu    : 323
[14:55:50]      Humid   : 192
[14:55:50]      Motion  : 237
[14:55:50]      Alert   : 10
[14:55:50]      Status  : 6
[14:55:50] -------------------------------------------------------
[14:56:03] -------------------------------------------------------
[14:56:03]      Suhu    : 327
[14:56:03]      Humid   : 194
[14:56:03]      Motion  : 241
[14:56:03]      Alert   : 10
[14:56:03]      Status  : 6
[14:56:03] -------------------------------------------------------
[14:56:15] -------------------------------------------------------
[14:56:15]      Suhu    : 331
[14:56:15]      Humid   : 197
[14:56:15]      Motion  : 244
[14:56:15]      Alert   : 10
[14:56:15]      Status  : 6
[14:56:15] -------------------------------------------------------
[14:56:27] -------------------------------------------------------
[14:56:27]      Suhu    : 335
[14:56:27]      Humid   : 199
[14:56:27]      Motion  : 247
[14:56:27]      Alert   : 11
[14:56:27]      Status  : 6
[14:56:27] -------------------------------------------------------
[14:56:39] -------------------------------------------------------
[14:56:39]      Suhu    : 339
[14:56:39]      Humid   : 202
[14:56:39]      Motion  : 250
[14:56:39]      Alert   : 11
[14:56:39]      Status  : 6
[14:56:39] -------------------------------------------------------
[14:56:53] -------------------------------------------------------
[14:56:53]      Suhu    : 344
[14:56:53]      Humid   : 204
[14:56:53]      Motion  : 253
[14:56:53]      Alert   : 11
[14:56:53]      Status  : 6
[14:56:53] -------------------------------------------------------
[14:57:05] -------------------------------------------------------
[14:57:05]      Suhu    : 348
[14:57:05]      Humid   : 207
[14:57:05]      Motion  : 256
[14:57:05]      Alert   : 11
[14:57:05]      Status  : 6
[14:57:05] -------------------------------------------------------
[14:57:19] -------------------------------------------------------
[14:57:19]      Suhu    : 352
[14:57:19]      Humid   : 210
[14:57:19]      Motion  : 259
[14:57:19]      Alert   : 11
[14:57:19]      Status  : 6
[14:57:19] -------------------------------------------------------
[14:57:31] -------------------------------------------------------
[14:57:31]      Suhu    : 356
[14:57:31]      Humid   : 212
[14:57:31]      Motion  : 263
[14:57:31]      Alert   : 11
[14:57:31]      Status  : 6
[14:57:31] -------------------------------------------------------
[14:57:43] -------------------------------------------------------
[14:57:43]      Suhu    : 360
[14:57:43]      Humid   : 214
[14:57:43]      Motion  : 266
[14:57:43]      Alert   : 12
[14:57:43]      Status  : 6
[14:57:43] -------------------------------------------------------
[14:57:55] -------------------------------------------------------
[14:57:55]      Suhu    : 364
[14:57:55]      Humid   : 217
[14:57:55]      Motion  : 269
[14:57:55]      Alert   : 12
[14:57:55]      Status  : 6
[14:57:55] -------------------------------------------------------
[14:58:07] -------------------------------------------------------
[14:58:08]      Suhu    : 368
[14:58:08]      Humid   : 219
[14:58:08]      Motion  : 272
[14:58:08]      Alert   : 13
[14:58:08]      Status  : 6
[14:58:08] -------------------------------------------------------
[14:58:19] -------------------------------------------------------
[14:58:19]      Suhu    : 372
[14:58:19]      Humid   : 222
[14:58:19]      Motion  : 275
[14:58:19]      Alert   : 13
[14:58:19]      Status  : 6
[14:58:19] -------------------------------------------------------
[14:58:32] -------------------------------------------------------
[14:58:32]      Suhu    : 377
[14:58:32]      Humid   : 224
[14:58:32]      Motion  : 278
[14:58:32]      Alert   : 13
[14:58:32]      Status  : 6
[14:58:32] -------------------------------------------------------
[14:58:44] -------------------------------------------------------
[14:58:44]      Suhu    : 381
[14:58:44]      Humid   : 227
[14:58:44]      Motion  : 281
[14:58:44]      Alert   : 13
[14:58:44]      Status  : 6
[14:58:44] -------------------------------------------------------
[14:58:56] -------------------------------------------------------
[14:58:56]      Suhu    : 385
[14:58:56]      Humid   : 229
[14:58:56]      Motion  : 284
[14:58:56]      Alert   : 14
[14:58:56]      Status  : 6
[14:58:56] -------------------------------------------------------
[14:59:09] -------------------------------------------------------
[14:59:09]      Suhu    : 389
[14:59:09]      Humid   : 232
[14:59:09]      Motion  : 287
[14:59:09]      Alert   : 14
[14:59:09]      Status  : 6
[14:59:09] -------------------------------------------------------
[14:59:23] -------------------------------------------------------
[14:59:23]      Suhu    : 394
[14:59:23]      Humid   : 234
[14:59:23]      Motion  : 290
[14:59:23]      Alert   : 14
[14:59:23]      Status  : 6
[14:59:23] -------------------------------------------------------
[14:59:35] -------------------------------------------------------
[14:59:35]      Suhu    : 398
[14:59:35]      Humid   : 237
[14:59:35]      Motion  : 293
[14:59:35]      Alert   : 14
[14:59:35]      Status  : 6
[14:59:35] -------------------------------------------------------
[14:59:48] -------------------------------------------------------
[14:59:48]      Suhu    : 402
[14:59:48]      Humid   : 239
[14:59:48]      Motion  : 297
[14:59:48]      Alert   : 14
[14:59:48]      Status  : 6
[14:59:48] -------------------------------------------------------
[15:00:00] -------------------------------------------------------
[15:00:00]      Suhu    : 406
[15:00:00]      Humid   : 242
[15:00:00]      Motion  : 300
[15:00:00]      Alert   : 14
[15:00:00]      Status  : 6
[15:00:00] -------------------------------------------------------
[15:00:12] -------------------------------------------------------
[15:00:12]      Suhu    : 410
[15:00:12]      Humid   : 244
[15:00:12]      Motion  : 303
[15:00:12]      Alert   : 15
[15:00:12]      Status  : 6
[15:00:12] -------------------------------------------------------
[15:00:24] -------------------------------------------------------
[15:00:24]      Suhu    : 414
[15:00:24]      Humid   : 247
[15:00:24]      Motion  : 306
[15:00:24]      Alert   : 15
[15:00:24]      Status  : 6
[15:00:24] -------------------------------------------------------
[15:00:36] -------------------------------------------------------
[15:00:36]      Suhu    : 418
[15:00:36]      Humid   : 249
[15:00:36]      Motion  : 309
[15:00:36]      Alert   : 16
[15:00:36]      Status  : 6
[15:00:36] -------------------------------------------------------
[15:00:49] -------------------------------------------------------
[15:00:49]      Suhu    : 422
[15:00:49]      Humid   : 252
[15:00:49]      Motion  : 312
[15:00:49]      Alert   : 16
[15:00:49]      Status  : 6
[15:00:49] -------------------------------------------------------
[15:01:02] -------------------------------------------------------
[15:01:02]      Suhu    : 427
[15:01:02]      Humid   : 254
[15:01:02]      Motion  : 315
[15:01:02]      Alert   : 16
[15:01:02]      Status  : 6
[15:01:02] -------------------------------------------------------
[15:01:14] -------------------------------------------------------
[15:01:14]      Suhu    : 431
[15:01:14]      Humid   : 257
[15:01:14]      Motion  : 318
[15:01:14]      Alert   : 16
[15:01:14]      Status  : 6
[15:01:14] -------------------------------------------------------
[15:01:28] -------------------------------------------------------
[15:01:28]      Suhu    : 435
[15:01:28]      Humid   : 259
[15:01:28]      Motion  : 322
[15:01:28]      Alert   : 16
[15:01:28]      Status  : 6
[15:01:28] -------------------------------------------------------
[15:01:40] -------------------------------------------------------
[15:01:40]      Suhu    : 439
[15:01:40]      Humid   : 262
[15:01:40]      Motion  : 325
[15:01:40]      Alert   : 16
[15:01:40]      Status  : 6
[15:01:40] -------------------------------------------------------
[15:01:53] -------------------------------------------------------
[15:01:53]      Suhu    : 444
[15:01:53]      Humid   : 264
[15:01:53]      Motion  : 328
[15:01:53]      Alert   : 16
[15:01:53]      Status  : 6
[15:01:53] -------------------------------------------------------
[15:02:05] -------------------------------------------------------
[15:02:05]      Suhu    : 448
[15:02:05]      Humid   : 267
[15:02:05]      Motion  : 331
[15:02:05]      Alert   : 16
[15:02:05]      Status  : 6
[15:02:05] -------------------------------------------------------
[15:02:17] -------------------------------------------------------
[15:02:17]      Suhu    : 452
[15:02:17]      Humid   : 269
[15:02:17]      Motion  : 334
[15:02:17]      Alert   : 17
[15:02:17]      Status  : 6
[15:02:17] -------------------------------------------------------
[15:02:29] -------------------------------------------------------
[15:02:29]      Suhu    : 456
[15:02:29]      Humid   : 272
[15:02:29]      Motion  : 337
[15:02:29]      Alert   : 17
[15:02:29]      Status  : 6
[15:02:29] -------------------------------------------------------
[15:02:44] -------------------------------------------------------
[15:02:44]      Suhu    : 460
[15:02:44]      Humid   : 274
[15:02:44]      Motion  : 341
[15:02:44]      Alert   : 17
[15:02:44]      Status  : 6
[15:02:44] -------------------------------------------------------
[15:02:56] -------------------------------------------------------
[15:02:56]      Suhu    : 464
[15:02:56]      Humid   : 277
[15:02:56]      Motion  : 344
[15:02:56]      Alert   : 17
[15:02:56]      Status  : 6
[15:02:56] -------------------------------------------------------
[15:03:08] -------------------------------------------------------
[15:03:08]      Suhu    : 469
[15:03:08]      Humid   : 279
[15:03:08]      Motion  : 347
[15:03:08]      Alert   : 17
[15:03:08]      Status  : 6
[15:03:08] -------------------------------------------------------
[15:03:20] -------------------------------------------------------
[15:03:20]      Suhu    : 473
[15:03:20]      Humid   : 282
[15:03:20]      Motion  : 350
[15:03:20]      Alert   : 17
[15:03:20]      Status  : 6
[15:03:20] -------------------------------------------------------
[15:03:34] -------------------------------------------------------
[15:03:34]      Suhu    : 477
[15:03:34]      Humid   : 285
[15:03:34]      Motion  : 353
[15:03:34]      Alert   : 17
[15:03:34]      Status  : 6
[15:03:34] -------------------------------------------------------
[15:03:47] -------------------------------------------------------
[15:03:47]      Suhu    : 482
[15:03:47]      Humid   : 287
[15:03:47]      Motion  : 356
[15:03:47]      Alert   : 17
[15:03:47]      Status  : 6
[15:03:47] -------------------------------------------------------
[15:03:59] -------------------------------------------------------
[15:03:59]      Suhu    : 486
[15:03:59]      Humid   : 290
[15:03:59]      Motion  : 359
[15:03:59]      Alert   : 17
[15:03:59]      Status  : 6
[15:03:59] -------------------------------------------------------
[15:04:11] -------------------------------------------------------
[15:04:11]      Suhu    : 490
[15:04:11]      Humid   : 292
[15:04:11]      Motion  : 362
[15:04:11]      Alert   : 18
[15:04:11]      Status  : 6
[15:04:11] -------------------------------------------------------
[15:04:24] -------------------------------------------------------
[15:04:24]      Suhu    : 494
[15:04:24]      Humid   : 294
[15:04:24]      Motion  : 366
[15:04:24]      Alert   : 18
[15:04:24]      Status  : 6
[15:04:24] -------------------------------------------------------
[15:04:36] -------------------------------------------------------
[15:04:36]      Suhu    : 498
[15:04:36]      Humid   : 297
[15:04:36]      Motion  : 369
[15:04:36]      Alert   : 18
[15:04:36]      Status  : 6
[15:04:36] -------------------------------------------------------
[15:04:48] -------------------------------------------------------
[15:04:48]      Suhu    : 502
[15:04:48]      Humid   : 299
[15:04:48]      Motion  : 372
[15:04:48]      Alert   : 19
[15:04:48]      Status  : 6
[15:04:48] -------------------------------------------------------
[15:05:00] -------------------------------------------------------
[15:05:00]      Suhu    : 506
[15:05:00]      Humid   : 302
[15:05:00]      Motion  : 375
[15:05:00]      Alert   : 19
[15:05:00]      Status  : 6
[15:05:00] -------------------------------------------------------
[15:05:14] -------------------------------------------------------
[15:05:14]      Suhu    : 510
[15:05:14]      Humid   : 305
[15:05:14]      Motion  : 378
[15:05:14]      Alert   : 19
[15:05:14]      Status  : 6
[15:05:14] -------------------------------------------------------
[15:05:26] -------------------------------------------------------
[15:05:26]      Suhu    : 515
[15:05:26]      Humid   : 307
[15:05:26]      Motion  : 381
[15:05:26]      Alert   : 19
[15:05:26]      Status  : 6
[15:05:26] -------------------------------------------------------
[15:05:39] -------------------------------------------------------
[15:05:39]      Suhu    : 519
[15:05:39]      Humid   : 310
[15:05:39]      Motion  : 384
[15:05:39]      Alert   : 19
[15:05:39]      Status  : 6
[15:05:39] -------------------------------------------------------
[15:05:52] -------------------------------------------------------
[15:05:52]      Suhu    : 523
[15:05:52]      Humid   : 312
[15:05:52]      Motion  : 388
[15:05:52]      Alert   : 19
[15:05:52]      Status  : 6
[15:05:52] -------------------------------------------------------
[15:06:04] -------------------------------------------------------
[15:06:04]      Suhu    : 527
[15:06:04]      Humid   : 315
[15:06:04]      Motion  : 391
[15:06:04]      Alert   : 19
[15:06:04]      Status  : 6
[15:06:04] -------------------------------------------------------
[15:06:17] -------------------------------------------------------
[15:06:17]      Suhu    : 532
[15:06:17]      Humid   : 317
[15:06:17]      Motion  : 394
[15:06:17]      Alert   : 19
[15:06:17]      Status  : 6
[15:06:17] -------------------------------------------------------
[15:06:29] -------------------------------------------------------
[15:06:29]      Suhu    : 536
[15:06:29]      Humid   : 320
[15:06:29]      Motion  : 397
[15:06:29]      Alert   : 19
[15:06:29]      Status  : 6
[15:06:29] -------------------------------------------------------
[15:06:44] -------------------------------------------------------
[15:06:44]      Suhu    : 540
[15:06:44]      Humid   : 322
[15:06:44]      Motion  : 401
[15:06:44]      Alert   : 19
[15:06:44]      Status  : 6
[15:06:44] -------------------------------------------------------
[15:06:56] -------------------------------------------------------
[15:06:56]      Suhu    : 544
[15:06:56]      Humid   : 325
[15:06:56]      Motion  : 404
[15:06:56]      Alert   : 19
[15:06:56]      Status  : 6
[15:06:56] -------------------------------------------------------
[15:07:08] -------------------------------------------------------
[15:07:08]      Suhu    : 549
[15:07:08]      Humid   : 327
[15:07:08]      Motion  : 407
[15:07:08]      Alert   : 19
[15:07:08]      Status  : 6
[15:07:08] -------------------------------------------------------
[15:07:20] -------------------------------------------------------
[15:07:20]      Suhu    : 553
[15:07:20]      Humid   : 330
[15:07:20]      Motion  : 410
[15:07:20]      Alert   : 19
[15:07:20]      Status  : 6
[15:07:20] -------------------------------------------------------
[15:07:34] -------------------------------------------------------
[15:07:34]      Suhu    : 557
[15:07:34]      Humid   : 333
[15:07:34]      Motion  : 413
[15:07:34]      Alert   : 19
[15:07:34]      Status  : 6
[15:07:34] -------------------------------------------------------
[15:07:47] -------------------------------------------------------
[15:07:47]      Suhu    : 562
[15:07:47]      Humid   : 335
[15:07:47]      Motion  : 416
[15:07:47]      Alert   : 19
[15:07:47]      Status  : 6
[15:07:47] -------------------------------------------------------
[15:07:59] -------------------------------------------------------
[15:07:59]      Suhu    : 566
[15:07:59]      Humid   : 338
[15:07:59]      Motion  : 419
[15:07:59]      Alert   : 19
[15:07:59]      Status  : 6
[15:07:59] -------------------------------------------------------
[15:08:12] -------------------------------------------------------
[15:08:12]      Suhu    : 570
[15:08:12]      Humid   : 340
[15:08:12]      Motion  : 423
[15:08:12]      Alert   : 19
[15:08:12]      Status  : 6
[15:08:12] -------------------------------------------------------
[15:08:24] -------------------------------------------------------
[15:08:24]      Suhu    : 574
[15:08:24]      Humid   : 343
[15:08:24]      Motion  : 426
[15:08:24]      Alert   : 19
[15:08:24]      Status  : 6
[15:08:24] -------------------------------------------------------
[15:08:38] -------------------------------------------------------
[15:08:38]      Suhu    : 579
[15:08:38]      Humid   : 345
[15:08:38]      Motion  : 429
[15:08:38]      Alert   : 19
[15:08:38]      Status  : 6
[15:08:38] -------------------------------------------------------
[15:08:50] -------------------------------------------------------
[15:08:50]      Suhu    : 583
[15:08:50]      Humid   : 348
[15:08:50]      Motion  : 432
[15:08:50]      Alert   : 19
[15:08:50]      Status  : 6
[15:08:50] -------------------------------------------------------
[15:09:04] -------------------------------------------------------
[15:09:04]      Suhu    : 587
[15:09:04]      Humid   : 350
[15:09:04]      Motion  : 436
[15:09:04]      Alert   : 19
[15:09:04]      Status  : 6
[15:09:04] -------------------------------------------------------
[15:09:16] -------------------------------------------------------
[15:09:16]      Suhu    : 591
[15:09:16]      Humid   : 353
[15:09:16]      Motion  : 439
[15:09:16]      Alert   : 19
[15:09:16]      Status  : 6
[15:09:16] -------------------------------------------------------
[15:09:29] -------------------------------------------------------
[15:09:29]      Suhu    : 595
[15:09:29]      Humid   : 356
[15:09:29]      Motion  : 442
[15:09:29]      Alert   : 19
[15:09:29]      Status  : 6
[15:09:29] -------------------------------------------------------
[15:09:41] -------------------------------------------------------
[15:09:41]      Suhu    : 600
[15:09:41]      Humid   : 358
[15:09:41]      Motion  : 445
[15:09:41]      Alert   : 19
[15:09:41]      Status  : 6
[15:09:41] -------------------------------------------------------
[15:09:54] -------------------------------------------------------
[15:09:54]      Suhu    : 604
[15:09:54]      Humid   : 361
[15:09:54]      Motion  : 448
[15:09:54]      Alert   : 19
[15:09:54]      Status  : 6
[15:09:54] -------------------------------------------------------
[15:10:08] -------------------------------------------------------
[15:10:08]      Suhu    : 608
[15:10:08]      Humid   : 363
[15:10:08]      Motion  : 452
[15:10:08]      Alert   : 19
[15:10:08]      Status  : 6
[15:10:08] -------------------------------------------------------
[15:10:20] -------------------------------------------------------
[15:10:20]      Suhu    : 612
[15:10:20]      Humid   : 366
[15:10:20]      Motion  : 455
[15:10:20]      Alert   : 19
[15:10:20]      Status  : 6
[15:10:20] -------------------------------------------------------
[15:10:32] -------------------------------------------------------
[15:10:32]      Suhu    : 617
[15:10:32]      Humid   : 368
[15:10:32]      Motion  : 458
[15:10:32]      Alert   : 19
[15:10:32]      Status  : 6
[15:10:32] -------------------------------------------------------
[15:10:44] -------------------------------------------------------
[15:10:44]      Suhu    : 621
[15:10:44]      Humid   : 371
[15:10:44]      Motion  : 461
[15:10:44]      Alert   : 19
[15:10:44]      Status  : 6
[15:10:44] -------------------------------------------------------
[15:10:59] -------------------------------------------------------
[15:10:59]      Suhu    : 625
[15:10:59]      Humid   : 374
[15:10:59]      Motion  : 464
[15:10:59]      Alert   : 19
[15:10:59]      Status  : 6
[15:10:59] -------------------------------------------------------
[15:11:11] -------------------------------------------------------
[15:11:11]      Suhu    : 630
[15:11:11]      Humid   : 376
[15:11:11]      Motion  : 467
[15:11:11]      Alert   : 19
[15:11:11]      Status  : 6
[15:11:11] -------------------------------------------------------
[15:11:24] -------------------------------------------------------
[15:11:24]      Suhu    : 634
[15:11:24]      Humid   : 378
[15:11:24]      Motion  : 471
[15:11:24]      Alert   : 19
[15:11:24]      Status  : 6
[15:11:24] -------------------------------------------------------
[15:11:36] -------------------------------------------------------
[15:11:36]      Suhu    : 638
[15:11:36]      Humid   : 381
[15:11:36]      Motion  : 474
[15:11:36]      Alert   : 19
[15:11:36]      Status  : 6
[15:11:36] -------------------------------------------------------
[15:11:49] -------------------------------------------------------
[15:11:49]      Suhu    : 642
[15:11:49]      Humid   : 384
[15:11:49]      Motion  : 477
[15:11:49]      Alert   : 19
[15:11:49]      Status  : 6
[15:11:49] -------------------------------------------------------
[15:12:02] -------------------------------------------------------
[15:12:02]      Suhu    : 647
[15:12:02]      Humid   : 386
[15:12:02]      Motion  : 480
[15:12:02]      Alert   : 19
[15:12:02]      Status  : 6
[15:12:02] -------------------------------------------------------
[15:12:14] -------------------------------------------------------
[15:12:14]      Suhu    : 651
[15:12:14]      Humid   : 389
[15:12:14]      Motion  : 483
[15:12:14]      Alert   : 19
[15:12:14]      Status  : 6
[15:12:14] -------------------------------------------------------
[15:12:26] -------------------------------------------------------
[15:12:26]      Suhu    : 655
[15:12:26]      Humid   : 391
[15:12:26]      Motion  : 485
[15:12:26]      Alert   : 19
[15:12:26]      Status  : 8
[15:12:26] -------------------------------------------------------
[15:12:47] -------------------------------------------------------
[15:12:47]      Suhu    : 655
[15:12:47]      Humid   : 391
[15:12:47]      Motion  : 485
[15:12:47]      Alert   : 19
[15:12:47]      Status  : 9
[15:12:47] -------------------------------------------------------
