[12:17:46] =======================================================
[12:17:46]   SUBSCRIBER DATA LOGGER - TERHUBUNG
[12:17:46] =======================================================
[12:17:46]   Broker  : localhost:1883
[12:17:46]   Log file: E:\TugasInsis2\mqtt_project\subscribers\..\logs\mqtt_log_20260511_121746.log
[12:17:46]      Alias #1: sensors/temperature
[12:17:46]      Alias #2: sensors/humidity
[12:17:46]      Alias #3: sensors/humidity/config
[12:17:46]      Alias #4: sensors/motion
[12:17:46]      Alias #5: sensors/motion/alert
[12:17:46]      Alias #6: status/publisher-suhu
[12:17:46]      Alias #7: status/publisher-kelembaban
[12:17:46]      Alias #8: status/publisher-gerak
[12:17:46] =======================================================
[12:18:04] -------------------------------------------------------
[12:18:04]      Suhu    : 4
[12:18:04]      Humid   : 0
[12:18:04]      Motion  : 0
[12:18:04]      Alert   : 1
[12:18:04]      Status  : 4
[12:18:04] -------------------------------------------------------
[12:18:22] -------------------------------------------------------
[12:18:22]      Suhu    : 9
[12:18:22]      Humid   : 0
[12:18:22]      Motion  : 4
[12:18:22]      Alert   : 1
[12:18:22]      Status  : 5
[12:18:22] -------------------------------------------------------
[12:18:38] -------------------------------------------------------
[12:18:38]      Suhu    : 15
[12:18:38]      Humid   : 0
[12:18:38]      Motion  : 7
[12:18:38]      Alert   : 2
[12:18:38]      Status  : 5
[12:18:38] -------------------------------------------------------
[12:18:53] -------------------------------------------------------
[12:18:53]      Suhu    : 20
[12:18:53]      Humid   : 0
[12:18:53]      Motion  : 11
[12:18:53]      Alert   : 3
[12:18:53]      Status  : 5
[12:18:53] -------------------------------------------------------
[12:19:10] -------------------------------------------------------
[12:19:10]      Suhu    : 25
[12:19:10]      Humid   : 0
[12:19:10]      Motion  : 16
[12:19:10]      Alert   : 3
[12:19:10]      Status  : 5
[12:19:10] -------------------------------------------------------
[12:19:23] -------------------------------------------------------
[12:19:23]      Suhu    : 30
[12:19:23]      Humid   : 0
[12:19:23]      Motion  : 19
[12:19:23]      Alert   : 5
[12:19:23]      Status  : 5
[12:19:23] -------------------------------------------------------
[12:19:41] -------------------------------------------------------
[12:19:41]      Suhu    : 36
[12:19:41]      Humid   : 0
[12:19:41]      Motion  : 23
[12:19:41]      Alert   : 5
[12:19:41]      Status  : 5
[12:19:41] -------------------------------------------------------
[12:19:58] -------------------------------------------------------
[12:19:58]      Suhu    : 41
[12:19:58]      Humid   : 0
[12:19:58]      Motion  : 28
[12:19:58]      Alert   : 5
[12:19:58]      Status  : 5
[12:19:58] -------------------------------------------------------
[12:20:10] -------------------------------------------------------
[12:20:10]      Suhu    : 45
[12:20:10]      Humid   : 0
[12:20:10]      Motion  : 30
[12:20:10]      Alert   : 5
[12:20:10]      Status  : 5
[12:20:10] -------------------------------------------------------
