[20:06:30] =======================================================
[20:06:30]   SUBSCRIBER DATA LOGGER - TERHUBUNG
[20:06:30] =======================================================
[20:06:30]   Broker  : localhost:1883
[20:06:30]   Log file: E:\TugasInsis2\mqtt_project\subscribers\..\logs\mqtt_log_20260513_200630.log
[20:06:30]      Alias #1: sensors/temperature
[20:06:30]      Alias #2: sensors/humidity
[20:06:30]      Alias #3: sensors/humidity/config
[20:06:30]      Alias #4: sensors/motion
[20:06:30]      Alias #5: sensors/motion/alert
[20:06:30]      Alias #6: status/publisher-suhu
[20:06:30]      Alias #7: status/publisher-kelembaban
[20:06:30]      Alias #8: status/publisher-gerak
[20:06:30] =======================================================
[20:06:35] -------------------------------------------------------
[20:06:35]      Suhu    : 2
[20:06:35]      Humid   : 2
[20:06:35]      Motion  : 1
[20:06:35]      Alert   : 1
[20:06:35]      Status  : 3
[20:06:35] -------------------------------------------------------
[20:06:49] -------------------------------------------------------
[20:06:49]      Suhu    : 7
[20:06:49]      Humid   : 4
[20:06:49]      Motion  : 4
[20:06:49]      Alert   : 1
[20:06:49]      Status  : 3
[20:06:49] -------------------------------------------------------
[20:07:01] -------------------------------------------------------
[20:07:01]      Suhu    : 11
[20:07:01]      Humid   : 7
[20:07:01]      Motion  : 7
[20:07:01]      Alert   : 1
[20:07:01]      Status  : 3
[20:07:01] -------------------------------------------------------
[20:07:14] -------------------------------------------------------
[20:07:14]      Suhu    : 15
[20:07:14]      Humid   : 9
[20:07:14]      Motion  : 11
[20:07:14]      Alert   : 1
[20:07:14]      Status  : 3
[20:07:14] -------------------------------------------------------
[20:07:26] -------------------------------------------------------
[20:07:26]      Suhu    : 19
[20:07:26]      Humid   : 12
[20:07:26]      Motion  : 14
[20:07:26]      Alert   : 1
[20:07:26]      Status  : 3
[20:07:26] -------------------------------------------------------
[20:07:38] -------------------------------------------------------
[20:07:38]      Suhu    : 23
[20:07:38]      Humid   : 14
[20:07:38]      Motion  : 17
[20:07:38]      Alert   : 2
[20:07:38]      Status  : 3
[20:07:38] -------------------------------------------------------
[20:07:50] -------------------------------------------------------
[20:07:50]      Suhu    : 27
[20:07:50]      Humid   : 17
[20:07:50]      Motion  : 20
[20:07:50]      Alert   : 2
[20:07:50]      Status  : 3
[20:07:50] -------------------------------------------------------
[20:08:04] -------------------------------------------------------
[20:08:04]      Suhu    : 32
[20:08:04]      Humid   : 19
[20:08:04]      Motion  : 23
[20:08:04]      Alert   : 2
[20:08:04]      Status  : 3
[20:08:04] -------------------------------------------------------
[20:08:16] -------------------------------------------------------
[20:08:16]      Suhu    : 36
[20:08:16]      Humid   : 22
[20:08:16]      Motion  : 26
[20:08:16]      Alert   : 2
[20:08:16]      Status  : 3
[20:08:16] -------------------------------------------------------
[20:08:28] -------------------------------------------------------
[20:08:28]      Suhu    : 40
[20:08:28]      Humid   : 24
[20:08:28]      Motion  : 29
[20:08:28]      Alert   : 3
[20:08:28]      Status  : 3
[20:08:28] -------------------------------------------------------
[20:08:40] -------------------------------------------------------
[20:08:40]      Suhu    : 44
[20:08:40]      Humid   : 27
[20:08:40]      Motion  : 32
[20:08:40]      Alert   : 3
[20:08:40]      Status  : 3
[20:08:40] -------------------------------------------------------
[20:08:54] -------------------------------------------------------
[20:08:54]      Suhu    : 48
[20:08:54]      Humid   : 29
[20:08:54]      Motion  : 36
[20:08:54]      Alert   : 3
[20:08:54]      Status  : 3
[20:08:54] -------------------------------------------------------
[20:09:06] -------------------------------------------------------
[20:09:06]      Suhu    : 52
[20:09:06]      Humid   : 32
[20:09:06]      Motion  : 39
[20:09:06]      Alert   : 3
[20:09:06]      Status  : 3
[20:09:06] -------------------------------------------------------
[20:09:19] -------------------------------------------------------
[20:09:19]      Suhu    : 57
[20:09:19]      Humid   : 34
[20:09:19]      Motion  : 42
[20:09:19]      Alert   : 3
[20:09:19]      Status  : 3
[20:09:19] -------------------------------------------------------
[20:09:31] -------------------------------------------------------
[20:09:31]      Suhu    : 61
[20:09:31]      Humid   : 37
[20:09:31]      Motion  : 45
[20:09:31]      Alert   : 3
[20:09:31]      Status  : 3
[20:09:31] -------------------------------------------------------
[20:09:45] -------------------------------------------------------
[20:09:45]      Suhu    : 65
[20:09:45]      Humid   : 40
[20:09:45]      Motion  : 48
[20:09:45]      Alert   : 3
[20:09:45]      Status  : 3
[20:09:45] -------------------------------------------------------
[20:09:58] -------------------------------------------------------
[20:09:58]      Suhu    : 69
[20:09:58]      Humid   : 42
[20:09:58]      Motion  : 52
[20:09:58]      Alert   : 3
[20:09:58]      Status  : 3
[20:09:58] -------------------------------------------------------
[20:10:10] -------------------------------------------------------
[20:10:10]      Suhu    : 73
[20:10:10]      Humid   : 45
[20:10:10]      Motion  : 55
[20:10:10]      Alert   : 3
[20:10:10]      Status  : 3
[20:10:10] -------------------------------------------------------
[20:10:22] -------------------------------------------------------
[20:10:22]      Suhu    : 78
[20:10:22]      Humid   : 47
[20:10:22]      Motion  : 58
[20:10:22]      Alert   : 3
[20:10:22]      Status  : 3
[20:10:22] -------------------------------------------------------
[20:10:34] -------------------------------------------------------
[20:10:34]      Suhu    : 82
[20:10:34]      Humid   : 49
[20:10:34]      Motion  : 61
[20:10:34]      Alert   : 4
[20:10:34]      Status  : 3
[20:10:34] -------------------------------------------------------
[20:10:46] -------------------------------------------------------
[20:10:46]      Suhu    : 86
[20:10:46]      Humid   : 52
[20:10:46]      Motion  : 64
[20:10:46]      Alert   : 4
[20:10:46]      Status  : 3
[20:10:46] -------------------------------------------------------
[20:11:00] -------------------------------------------------------
[20:11:00]      Suhu    : 90
[20:11:00]      Humid   : 55
[20:11:00]      Motion  : 67
[20:11:00]      Alert   : 4
[20:11:00]      Status  : 3
[20:11:00] -------------------------------------------------------
[20:11:13] -------------------------------------------------------
[20:11:13]      Suhu    : 95
[20:11:13]      Humid   : 57
[20:11:13]      Motion  : 70
[20:11:13]      Alert   : 4
[20:11:13]      Status  : 3
[20:11:13] -------------------------------------------------------
[20:11:25] -------------------------------------------------------
[20:11:25]      Suhu    : 99
[20:11:25]      Humid   : 60
[20:11:25]      Motion  : 73
[20:11:25]      Alert   : 4
[20:11:25]      Status  : 3
[20:11:25] -------------------------------------------------------
[20:11:38] -------------------------------------------------------
[20:11:38]      Suhu    : 103
[20:11:38]      Humid   : 62
[20:11:38]      Motion  : 77
[20:11:38]      Alert   : 4
[20:11:38]      Status  : 3
[20:11:38] -------------------------------------------------------
[20:11:50] -------------------------------------------------------
[20:11:50]      Suhu    : 107
[20:11:50]      Humid   : 65
[20:11:50]      Motion  : 80
[20:11:50]      Alert   : 4
[20:11:50]      Status  : 3
[20:11:50] -------------------------------------------------------
[20:12:04] -------------------------------------------------------
[20:12:04]      Suhu    : 112
[20:12:04]      Humid   : 67
[20:12:04]      Motion  : 83
[20:12:04]      Alert   : 4
[20:12:04]      Status  : 3
[20:12:04] -------------------------------------------------------
[20:12:16] -------------------------------------------------------
[20:12:16]      Suhu    : 116
[20:12:16]      Humid   : 70
[20:12:16]      Motion  : 86
[20:12:16]      Alert   : 4
[20:12:16]      Status  : 3
[20:12:16] -------------------------------------------------------
[20:12:30] -------------------------------------------------------
[20:12:30]      Suhu    : 120
[20:12:30]      Humid   : 72
[20:12:30]      Motion  : 90
[20:12:30]      Alert   : 4
[20:12:30]      Status  : 3
[20:12:30] -------------------------------------------------------
[20:12:42] -------------------------------------------------------
[20:12:42]      Suhu    : 124
[20:12:42]      Humid   : 75
[20:12:42]      Motion  : 93
[20:12:42]      Alert   : 4
[20:12:42]      Status  : 3
[20:12:42] -------------------------------------------------------
[20:12:55] -------------------------------------------------------
[20:12:55]      Suhu    : 128
[20:12:55]      Humid   : 78
[20:12:55]      Motion  : 96
[20:12:55]      Alert   : 4
[20:12:55]      Status  : 3
[20:12:55] -------------------------------------------------------
[20:13:07] -------------------------------------------------------
[20:13:07]      Suhu    : 133
[20:13:07]      Humid   : 80
[20:13:07]      Motion  : 99
[20:13:07]      Alert   : 4
[20:13:07]      Status  : 3
[20:13:07] -------------------------------------------------------
[20:13:20] -------------------------------------------------------
[20:13:20]      Suhu    : 137
[20:13:20]      Humid   : 83
[20:13:20]      Motion  : 102
[20:13:20]      Alert   : 4
[20:13:20]      Status  : 3
[20:13:20] -------------------------------------------------------
[20:13:34] -------------------------------------------------------
[20:13:34]      Suhu    : 141
[20:13:34]      Humid   : 85
[20:13:34]      Motion  : 106
[20:13:34]      Alert   : 4
[20:13:34]      Status  : 3
[20:13:34] -------------------------------------------------------
[20:13:46] -------------------------------------------------------
[20:13:46]      Suhu    : 145
[20:13:46]      Humid   : 88
[20:13:46]      Motion  : 109
[20:13:46]      Alert   : 4
[20:13:46]      Status  : 3
[20:13:46] -------------------------------------------------------
[20:13:58] -------------------------------------------------------
[20:13:58]      Suhu    : 149
[20:13:58]      Humid   : 90
[20:13:58]      Motion  : 112
[20:13:58]      Alert   : 5
[20:13:58]      Status  : 3
[20:13:58] -------------------------------------------------------
[20:14:10] -------------------------------------------------------
[20:14:10]      Suhu    : 153
[20:14:10]      Humid   : 93
[20:14:10]      Motion  : 115
[20:14:10]      Alert   : 5
[20:14:10]      Status  : 3
[20:14:10] -------------------------------------------------------
[20:14:22] -------------------------------------------------------
[20:14:22]      Suhu    : 157
[20:14:22]      Humid   : 95
[20:14:22]      Motion  : 118
[20:14:22]      Alert   : 6
[20:14:22]      Status  : 3
[20:14:22] -------------------------------------------------------
[20:14:34] -------------------------------------------------------
[20:14:34]      Suhu    : 162
[20:14:34]      Humid   : 97
[20:14:34]      Motion  : 121
[20:14:34]      Alert   : 6
[20:14:34]      Status  : 3
[20:14:34] -------------------------------------------------------
[20:14:46] -------------------------------------------------------
[20:14:46]      Suhu    : 166
[20:14:46]      Humid   : 100
[20:14:46]      Motion  : 124
[20:14:46]      Alert   : 6
[20:14:46]      Status  : 3
[20:14:46] -------------------------------------------------------
[20:15:00] -------------------------------------------------------
[20:15:00]      Suhu    : 170
[20:15:00]      Humid   : 103
[20:15:00]      Motion  : 127
[20:15:00]      Alert   : 6
[20:15:00]      Status  : 3
[20:15:00] -------------------------------------------------------
[20:15:13] -------------------------------------------------------
[20:15:13]      Suhu    : 175
[20:15:13]      Humid   : 105
[20:15:13]      Motion  : 130
[20:15:13]      Alert   : 6
[20:15:13]      Status  : 3
[20:15:13] -------------------------------------------------------
[20:15:25] -------------------------------------------------------
[20:15:25]      Suhu    : 179
[20:15:25]      Humid   : 108
[20:15:25]      Motion  : 133
[20:15:25]      Alert   : 6
[20:15:25]      Status  : 3
[20:15:25] -------------------------------------------------------
[20:15:38] -------------------------------------------------------
[20:15:38]      Suhu    : 183
[20:15:38]      Humid   : 110
[20:15:38]      Motion  : 137
[20:15:38]      Alert   : 6
[20:15:38]      Status  : 3
[20:15:38] -------------------------------------------------------
[20:15:50] -------------------------------------------------------
[20:15:50]      Suhu    : 187
[20:15:50]      Humid   : 113
[20:15:50]      Motion  : 140
[20:15:50]      Alert   : 6
[20:15:50]      Status  : 3
[20:15:50] -------------------------------------------------------
[20:16:04] -------------------------------------------------------
[20:16:04]      Suhu    : 192
[20:16:04]      Humid   : 115
[20:16:04]      Motion  : 143
[20:16:04]      Alert   : 6
[20:16:04]      Status  : 3
[20:16:04] -------------------------------------------------------
[20:16:15] -------------------------------------------------------
[20:16:15]      Suhu    : 195
[20:16:15]      Humid   : 118
[20:16:15]      Motion  : 146
[20:16:15]      Alert   : 7
[20:16:15]      Status  : 3
[20:16:15] -------------------------------------------------------
[20:16:28] -------------------------------------------------------
[20:16:28]      Suhu    : 200
[20:16:28]      Humid   : 120
[20:16:28]      Motion  : 149
[20:16:28]      Alert   : 7
[20:16:28]      Status  : 3
[20:16:28] -------------------------------------------------------
[20:16:40] -------------------------------------------------------
[20:16:40]      Suhu    : 204
[20:16:40]      Humid   : 123
[20:16:40]      Motion  : 152
[20:16:40]      Alert   : 7
[20:16:40]      Status  : 3
[20:16:40] -------------------------------------------------------
[20:16:54] -------------------------------------------------------
[20:16:54]      Suhu    : 208
[20:16:54]      Humid   : 125
[20:16:54]      Motion  : 156
[20:16:54]      Alert   : 7
[20:16:54]      Status  : 3
[20:16:54] -------------------------------------------------------
[20:17:05] -------------------------------------------------------
[20:17:05]      Suhu    : 212
[20:17:05]      Humid   : 128
[20:17:05]      Motion  : 158
[20:17:05]      Alert   : 8
[20:17:05]      Status  : 3
[20:17:05] -------------------------------------------------------
[20:17:18] -------------------------------------------------------
[20:17:18]      Suhu    : 216
[20:17:18]      Humid   : 130
[20:17:18]      Motion  : 162
[20:17:18]      Alert   : 8
[20:17:18]      Status  : 3
[20:17:18] -------------------------------------------------------
[20:17:30] -------------------------------------------------------
[20:17:30]      Suhu    : 220
[20:17:30]      Humid   : 133
[20:17:30]      Motion  : 165
[20:17:30]      Alert   : 8
[20:17:30]      Status  : 3
[20:17:30] -------------------------------------------------------
[20:17:43] -------------------------------------------------------
[20:17:43]      Suhu    : 225
[20:17:43]      Humid   : 135
[20:17:43]      Motion  : 168
[20:17:43]      Alert   : 8
[20:17:43]      Status  : 3
[20:17:43] -------------------------------------------------------
[20:17:55] -------------------------------------------------------
[20:17:55]      Suhu    : 229
[20:17:55]      Humid   : 138
[20:17:55]      Motion  : 171
[20:17:55]      Alert   : 8
[20:17:55]      Status  : 3
[20:17:55] -------------------------------------------------------
[20:18:10] -------------------------------------------------------
[20:18:10]      Suhu    : 233
[20:18:10]      Humid   : 140
[20:18:10]      Motion  : 175
[20:18:10]      Alert   : 8
[20:18:10]      Status  : 3
[20:18:10] -------------------------------------------------------
[20:18:22] -------------------------------------------------------
[20:18:22]      Suhu    : 237
[20:18:22]      Humid   : 143
[20:18:22]      Motion  : 178
[20:18:22]      Alert   : 8
[20:18:22]      Status  : 3
[20:18:22] -------------------------------------------------------
[20:18:34] -------------------------------------------------------
[20:18:34]      Suhu    : 242
[20:18:34]      Humid   : 145
[20:18:34]      Motion  : 181
[20:18:34]      Alert   : 8
[20:18:34]      Status  : 3
[20:18:34] -------------------------------------------------------
[20:18:46] -------------------------------------------------------
[20:18:46]      Suhu    : 246
[20:18:46]      Humid   : 148
[20:18:46]      Motion  : 184
[20:18:46]      Alert   : 8
[20:18:46]      Status  : 3
[20:18:46] -------------------------------------------------------
[20:19:00] -------------------------------------------------------
[20:19:00]      Suhu    : 250
[20:19:00]      Humid   : 151
[20:19:00]      Motion  : 187
[20:19:00]      Alert   : 8
[20:19:00]      Status  : 3
[20:19:00] -------------------------------------------------------
[20:19:13] -------------------------------------------------------
[20:19:13]      Suhu    : 255
[20:19:13]      Humid   : 153
[20:19:13]      Motion  : 190
[20:19:13]      Alert   : 8
[20:19:13]      Status  : 3
[20:19:13] -------------------------------------------------------
[20:19:25] -------------------------------------------------------
[20:19:25]      Suhu    : 259
[20:19:25]      Humid   : 156
[20:19:25]      Motion  : 193
[20:19:25]      Alert   : 8
[20:19:25]      Status  : 3
[20:19:25] -------------------------------------------------------
[20:19:38] -------------------------------------------------------
[20:19:38]      Suhu    : 263
[20:19:38]      Humid   : 158
[20:19:38]      Motion  : 197
[20:19:38]      Alert   : 8
[20:19:38]      Status  : 3
[20:19:38] -------------------------------------------------------
[20:19:50] -------------------------------------------------------
[20:19:50]      Suhu    : 267
[20:19:50]      Humid   : 161
[20:19:50]      Motion  : 200
[20:19:50]      Alert   : 8
[20:19:50]      Status  : 3
[20:19:50] -------------------------------------------------------
[20:20:04] -------------------------------------------------------
[20:20:04]      Suhu    : 272
[20:20:04]      Humid   : 163
[20:20:04]      Motion  : 203
[20:20:04]      Alert   : 8
[20:20:04]      Status  : 3
[20:20:04] -------------------------------------------------------
[20:20:16] -------------------------------------------------------
[20:20:16]      Suhu    : 276
[20:20:16]      Humid   : 166
[20:20:16]      Motion  : 206
[20:20:16]      Alert   : 8
[20:20:16]      Status  : 3
[20:20:16] -------------------------------------------------------
[20:20:28] -------------------------------------------------------
[20:20:28]      Suhu    : 280
[20:20:28]      Humid   : 168
[20:20:28]      Motion  : 209
[20:20:28]      Alert   : 9
[20:20:28]      Status  : 3
[20:20:28] -------------------------------------------------------
[20:20:40] -------------------------------------------------------
[20:20:40]      Suhu    : 283
[20:20:40]      Humid   : 171
[20:20:40]      Motion  : 212
[20:20:40]      Alert   : 10
[20:20:40]      Status  : 3
[20:20:40] -------------------------------------------------------
[20:20:52] -------------------------------------------------------
[20:20:52]      Suhu    : 288
[20:20:52]      Humid   : 173
[20:20:52]      Motion  : 215
[20:20:52]      Alert   : 10
[20:20:52]      Status  : 3
[20:20:52] -------------------------------------------------------
[20:21:05] -------------------------------------------------------
[20:21:05]      Suhu    : 292
[20:21:05]      Humid   : 176
[20:21:05]      Motion  : 218
[20:21:05]      Alert   : 10
[20:21:05]      Status  : 3
[20:21:05] -------------------------------------------------------
[20:21:18] -------------------------------------------------------
[20:21:18]      Suhu    : 296
[20:21:18]      Humid   : 178
[20:21:18]      Motion  : 222
[20:21:18]      Alert   : 10
[20:21:18]      Status  : 3
[20:21:18] -------------------------------------------------------
[20:21:30] -------------------------------------------------------
[20:21:30]      Suhu    : 300
[20:21:30]      Humid   : 181
[20:21:30]      Motion  : 225
[20:21:30]      Alert   : 10
[20:21:30]      Status  : 3
[20:21:30] -------------------------------------------------------
[20:21:43] -------------------------------------------------------
[20:21:43]      Suhu    : 305
[20:21:43]      Humid   : 183
[20:21:43]      Motion  : 228
[20:21:43]      Alert   : 10
[20:21:43]      Status  : 3
[20:21:43] -------------------------------------------------------
[20:21:55] -------------------------------------------------------
[20:21:55]      Suhu    : 309
[20:21:55]      Humid   : 186
[20:21:55]      Motion  : 231
[20:21:55]      Alert   : 10
[20:21:55]      Status  : 3
[20:21:55] -------------------------------------------------------
[20:22:07] -------------------------------------------------------
[20:22:07]      Suhu    : 313
[20:22:07]      Humid   : 188
[20:22:07]      Motion  : 234
[20:22:07]      Alert   : 11
[20:22:07]      Status  : 3
[20:22:07] -------------------------------------------------------
[20:22:20] -------------------------------------------------------
[20:22:20]      Suhu    : 317
[20:22:20]      Humid   : 191
[20:22:20]      Motion  : 237
[20:22:20]      Alert   : 11
[20:22:20]      Status  : 3
[20:22:20] -------------------------------------------------------
[20:22:34] -------------------------------------------------------
[20:22:34]      Suhu    : 321
[20:22:34]      Humid   : 193
[20:22:34]      Motion  : 241
[20:22:34]      Alert   : 11
[20:22:34]      Status  : 3
[20:22:34] -------------------------------------------------------
[20:22:46] -------------------------------------------------------
[20:22:46]      Suhu    : 325
[20:22:46]      Humid   : 196
[20:22:46]      Motion  : 244
[20:22:46]      Alert   : 11
[20:22:46]      Status  : 3
[20:22:46] -------------------------------------------------------
[20:22:58] -------------------------------------------------------
[20:22:58]      Suhu    : 329
[20:22:58]      Humid   : 198
[20:22:58]      Motion  : 247
[20:22:58]      Alert   : 12
[20:22:58]      Status  : 3
[20:22:58] -------------------------------------------------------
[20:23:10] -------------------------------------------------------
[20:23:10]      Suhu    : 333
[20:23:10]      Humid   : 201
[20:23:10]      Motion  : 250
[20:23:10]      Alert   : 12
[20:23:10]      Status  : 3
[20:23:10] -------------------------------------------------------
[20:23:22] -------------------------------------------------------
[20:23:22]      Suhu    : 338
[20:23:22]      Humid   : 203
[20:23:22]      Motion  : 253
[20:23:22]      Alert   : 12
[20:23:22]      Status  : 3
[20:23:22] -------------------------------------------------------
[20:23:35] -------------------------------------------------------
[20:23:35]      Suhu    : 342
[20:23:35]      Humid   : 206
[20:23:35]      Motion  : 256
[20:23:35]      Alert   : 12
[20:23:35]      Status  : 3
[20:23:35] -------------------------------------------------------
[20:23:49] -------------------------------------------------------
[20:23:49]      Suhu    : 347
[20:23:49]      Humid   : 208
[20:23:49]      Motion  : 259
[20:23:49]      Alert   : 12
[20:23:49]      Status  : 3
[20:23:49] -------------------------------------------------------
[20:24:01] -------------------------------------------------------
[20:24:01]      Suhu    : 351
[20:24:01]      Humid   : 211
[20:24:01]      Motion  : 262
[20:24:01]      Alert   : 12
[20:24:01]      Status  : 3
[20:24:01] -------------------------------------------------------
[20:24:14] -------------------------------------------------------
[20:24:14]      Suhu    : 355
[20:24:14]      Humid   : 213
[20:24:14]      Motion  : 266
[20:24:14]      Alert   : 12
[20:24:14]      Status  : 3
[20:24:14] -------------------------------------------------------
[20:24:26] -------------------------------------------------------
[20:24:26]      Suhu    : 359
[20:24:26]      Humid   : 216
[20:24:26]      Motion  : 269
[20:24:26]      Alert   : 12
[20:24:26]      Status  : 3
[20:24:26] -------------------------------------------------------
[20:24:35] -------------------------------------------------------
[20:24:35]      Suhu    : 361
[20:24:35]      Humid   : 216
[20:24:35]      Motion  : 269
[20:24:35]      Alert   : 12
[20:24:35]      Status  : 6
[20:24:35] -------------------------------------------------------
